Archive member included to satisfy reference by file (symbol)

/usr/lib/gcc/avr/4.9.2/../../../avr/lib/avr51/libm.a(fixsfsi.o)
                              obj_firmware/common/mousekey.o (__fixsfsi)
/usr/lib/gcc/avr/4.9.2/../../../avr/lib/avr51/libm.a(fixunssfsi.o)
                              /usr/lib/gcc/avr/4.9.2/../../../avr/lib/avr51/libm.a(fixsfsi.o) (__fixunssfsi)
/usr/lib/gcc/avr/4.9.2/../../../avr/lib/avr51/libm.a(floatsisf.o)
                              obj_firmware/common/mousekey.o (__floatsisf)
/usr/lib/gcc/avr/4.9.2/../../../avr/lib/avr51/libm.a(fp_split3.o)
                              /usr/lib/gcc/avr/4.9.2/../../../avr/lib/avr51/libm.a(fixunssfsi.o) (__fp_splitA)
/usr/lib/gcc/avr/4.9.2/../../../avr/lib/avr51/libm.a(fp_zero.o)
                              /usr/lib/gcc/avr/4.9.2/../../../avr/lib/avr51/libm.a(fixunssfsi.o) (__fp_zero)
/usr/lib/gcc/avr/4.9.2/../../../avr/lib/avr51/libm.a(mulsf3.o)
                              obj_firmware/common/mousekey.o (__mulsf3)
/usr/lib/gcc/avr/4.9.2/../../../avr/lib/avr51/libm.a(mulsf3x.o)
                              /usr/lib/gcc/avr/4.9.2/../../../avr/lib/avr51/libm.a(mulsf3.o) (__mulsf3x)
/usr/lib/gcc/avr/4.9.2/../../../avr/lib/avr51/libm.a(fp_inf.o)
                              /usr/lib/gcc/avr/4.9.2/../../../avr/lib/avr51/libm.a(mulsf3x.o) (__fp_inf)
/usr/lib/gcc/avr/4.9.2/../../../avr/lib/avr51/libm.a(fp_nan.o)
                              /usr/lib/gcc/avr/4.9.2/../../../avr/lib/avr51/libm.a(mulsf3x.o) (__fp_nan)
/usr/lib/gcc/avr/4.9.2/../../../avr/lib/avr51/libm.a(fp_pscA.o)
                              /usr/lib/gcc/avr/4.9.2/../../../avr/lib/avr51/libm.a(mulsf3x.o) (__fp_pscA)
/usr/lib/gcc/avr/4.9.2/../../../avr/lib/avr51/libm.a(fp_pscB.o)
                              /usr/lib/gcc/avr/4.9.2/../../../avr/lib/avr51/libm.a(mulsf3x.o) (__fp_pscB)
/usr/lib/gcc/avr/4.9.2/../../../avr/lib/avr51/libm.a(fp_round.o)
                              /usr/lib/gcc/avr/4.9.2/../../../avr/lib/avr51/libm.a(mulsf3.o) (__fp_round)
/usr/lib/gcc/avr/4.9.2/avr51/libgcc.a(_udivmodqi4.o)
                              obj_firmware/protocol/lufa/lufa.o (__udivmodqi4)
/usr/lib/gcc/avr/4.9.2/avr51/libgcc.a(_divmodhi4.o)
                              obj_firmware/common/mousekey.o (__divmodhi4)
/usr/lib/gcc/avr/4.9.2/avr51/libgcc.a(_exit.o)
                              /usr/lib/gcc/avr/4.9.2/../../../avr/lib/avr51/crtat90usb1286.o (exit)
/usr/lib/gcc/avr/4.9.2/avr51/libgcc.a(_tablejump2.o)
                              obj_firmware/keymap.o (__tablejump2__)
/usr/lib/gcc/avr/4.9.2/avr51/libgcc.a(_copy_data.o)
                              obj_firmware/matrix.o (__do_copy_data)
/usr/lib/gcc/avr/4.9.2/avr51/libgcc.a(_clear_bss.o)
                              obj_firmware/matrix.o (__do_clear_bss)
/usr/lib/gcc/avr/4.9.2/avr51/libgcc.a(_udivmodhi4.o)
                              /usr/lib/gcc/avr/4.9.2/avr51/libgcc.a(_divmodhi4.o) (__udivmodhi4)
/usr/lib/gcc/avr/4.9.2/../../../avr/lib/avr51/libat90usb1286.a(eerd_byte.o)
                              obj_firmware/protocol/lufa/LUFA-git/LUFA/Drivers/USB/Core/AVR8/EndpointStream_AVR8.o (eeprom_read_byte)
/usr/lib/gcc/avr/4.9.2/../../../avr/lib/avr51/libat90usb1286.a(eerd_word.o)
                              obj_firmware/common/avr/eeconfig.o (eeprom_read_word)
/usr/lib/gcc/avr/4.9.2/../../../avr/lib/avr51/libat90usb1286.a(eeupd_byte.o)
                              obj_firmware/protocol/lufa/LUFA-git/LUFA/Drivers/USB/Core/AVR8/EndpointStream_AVR8.o (eeprom_update_byte)
/usr/lib/gcc/avr/4.9.2/../../../avr/lib/avr51/libat90usb1286.a(eewr_byte.o)
                              obj_firmware/common/avr/eeconfig.o (eeprom_write_byte)
/usr/lib/gcc/avr/4.9.2/../../../avr/lib/avr51/libat90usb1286.a(eewr_word.o)
                              obj_firmware/common/avr/eeconfig.o (eeprom_write_word)
/usr/lib/gcc/avr/4.9.2/../../../avr/lib/avr51/libat90usb1286.a(eerd_block.o)
                              /usr/lib/gcc/avr/4.9.2/../../../avr/lib/avr51/libat90usb1286.a(eerd_word.o) (eeprom_read_blraw)

Allocating common symbols
Common symbol       size              file

USB_IsInitialized   0x1               obj_firmware/protocol/lufa/LUFA-git/LUFA/Drivers/USB/Core/USBTask.o
keymap_config       0x1               obj_firmware/common/bootmagic.o
USB_DeviceState     0x1               obj_firmware/protocol/lufa/LUFA-git/LUFA/Drivers/USB/Core/USBTask.o
USB_Device_ConfigurationNumber
                    0x1               obj_firmware/protocol/lufa/LUFA-git/LUFA/Drivers/USB/Core/DeviceStandardReq.o
USB_Device_CurrentlySelfPowered
                    0x1               obj_firmware/protocol/lufa/LUFA-git/LUFA/Drivers/USB/Core/DeviceStandardReq.o
USB_ControlRequest  0x8               obj_firmware/protocol/lufa/LUFA-git/LUFA/Drivers/USB/Core/USBTask.o
USB_Device_RemoteWakeupEnabled
                    0x1               obj_firmware/protocol/lufa/LUFA-git/LUFA/Drivers/USB/Core/DeviceStandardReq.o

Discarded input sections

[...]
Memory Configuration

Name             Origin             Length             Attributes
text             0x0000000000000000 0x0000000000020000 xr
data             0x0000000000800100 0x000000000000ff00 rw !x
eeprom           0x0000000000810000 0x0000000000010000 rw !x
fuse             0x0000000000820000 0x0000000000000400 rw !x
lock             0x0000000000830000 0x0000000000000400 rw !x
signature        0x0000000000840000 0x0000000000000400 rw !x
user_signatures  0x0000000000850000 0x0000000000000400 rw !x
*default*        0x0000000000000000 0xffffffffffffffff

Linker script and memory map

Address of section .data set to 0x800100
LOAD /usr/lib/gcc/avr/4.9.2/../../../avr/lib/avr51/crtat90usb1286.o
LOAD obj_firmware/keymap.o
LOAD obj_firmware/keymap_common.o
LOAD obj_firmware/matrix.o
LOAD obj_firmware/led.o
LOAD obj_firmware/protocol/lufa/lufa.o
LOAD obj_firmware/protocol/lufa/descriptor.o
LOAD obj_firmware/protocol/lufa/LUFA-git/LUFA/Drivers/USB/Class/Common/HIDParser.o
LOAD obj_firmware/protocol/lufa/LUFA-git/LUFA/Drivers/USB/Core/AVR8/Device_AVR8.o
LOAD obj_firmware/protocol/lufa/LUFA-git/LUFA/Drivers/USB/Core/AVR8/EndpointStream_AVR8.o
LOAD obj_firmware/protocol/lufa/LUFA-git/LUFA/Drivers/USB/Core/AVR8/Endpoint_AVR8.o
LOAD obj_firmware/protocol/lufa/LUFA-git/LUFA/Drivers/USB/Core/AVR8/Host_AVR8.o
LOAD obj_firmware/protocol/lufa/LUFA-git/LUFA/Drivers/USB/Core/AVR8/PipeStream_AVR8.o
LOAD obj_firmware/protocol/lufa/LUFA-git/LUFA/Drivers/USB/Core/AVR8/Pipe_AVR8.o
LOAD obj_firmware/protocol/lufa/LUFA-git/LUFA/Drivers/USB/Core/AVR8/USBController_AVR8.o
LOAD obj_firmware/protocol/lufa/LUFA-git/LUFA/Drivers/USB/Core/AVR8/USBInterrupt_AVR8.o
LOAD obj_firmware/protocol/lufa/LUFA-git/LUFA/Drivers/USB/Core/ConfigDescriptors.o
LOAD obj_firmware/protocol/lufa/LUFA-git/LUFA/Drivers/USB/Core/DeviceStandardReq.o
LOAD obj_firmware/protocol/lufa/LUFA-git/LUFA/Drivers/USB/Core/Events.o
LOAD obj_firmware/protocol/lufa/LUFA-git/LUFA/Drivers/USB/Core/HostStandardReq.o
LOAD obj_firmware/protocol/lufa/LUFA-git/LUFA/Drivers/USB/Core/USBTask.o
LOAD obj_firmware/common/host.o
LOAD obj_firmware/common/keyboard.o
LOAD obj_firmware/common/action.o
LOAD obj_firmware/common/action_tapping.o
LOAD obj_firmware/common/action_macro.o
LOAD obj_firmware/common/action_layer.o
LOAD obj_firmware/common/action_util.o
LOAD obj_firmware/common/print.o
LOAD obj_firmware/common/debug.o
LOAD obj_firmware/common/util.o
LOAD obj_firmware/common/hook.o
LOAD obj_firmware/common/avr/suspend.o
LOAD obj_firmware/common/avr/xprintf.o
LOAD obj_firmware/common/avr/timer.o
LOAD obj_firmware/common/avr/bootloader.o
LOAD obj_firmware/common/keymap.o
LOAD obj_firmware/common/bootmagic.o
LOAD obj_firmware/common/avr/eeconfig.o
LOAD obj_firmware/common/mousekey.o
LOAD obj_firmware/common/command.o
LOAD /usr/lib/gcc/avr/4.9.2/../../../avr/lib/avr51/libm.a
START GROUP
LOAD /usr/lib/gcc/avr/4.9.2/avr51/libgcc.a
LOAD /usr/lib/gcc/avr/4.9.2/../../../avr/lib/avr51/libm.a
LOAD /usr/lib/gcc/avr/4.9.2/../../../avr/lib/avr51/libc.a
LOAD /usr/lib/gcc/avr/4.9.2/../../../avr/lib/avr51/libat90usb1286.a
END GROUP

.hash
 *(.hash)

.dynsym
 *(.dynsym)

.dynstr
 *(.dynstr)

.gnu.version
 *(.gnu.version)

.gnu.version_d
 *(.gnu.version_d)

.gnu.version_r
 *(.gnu.version_r)

.rel.init
 *(.rel.init)

.rela.init
 *(.rela.init)

.rel.text
 *(.rel.text)
 *(.rel.text.*)
 *(.rel.gnu.linkonce.t*)

.rela.text
 *(.rela.text)
 *(.rela.text.*)
 *(.rela.gnu.linkonce.t*)

.rel.fini
 *(.rel.fini)

.rela.fini
 *(.rela.fini)

.rel.rodata
 *(.rel.rodata)
 *(.rel.rodata.*)
 *(.rel.gnu.linkonce.r*)

.rela.rodata
 *(.rela.rodata)
 *(.rela.rodata.*)
 *(.rela.gnu.linkonce.r*)

.rel.data
 *(.rel.data)
 *(.rel.data.*)
 *(.rel.gnu.linkonce.d*)

.rela.data
 *(.rela.data)
 *(.rela.data.*)
 *(.rela.gnu.linkonce.d*)

.rel.ctors
 *(.rel.ctors)

.rela.ctors
 *(.rela.ctors)

.rel.dtors
 *(.rel.dtors)

.rela.dtors
 *(.rela.dtors)

.rel.got
 *(.rel.got)

.rela.got
 *(.rela.got)

.rel.bss
 *(.rel.bss)

.rela.bss
 *(.rela.bss)

.rel.plt
 *(.rel.plt)

.rela.plt
 *(.rela.plt)

.text           0x0000000000000000     0x5700
 *(.vectors)
 .vectors       0x0000000000000000       0x98 /usr/lib/gcc/avr/4.9.2/../../../avr/lib/avr51/crtat90usb1286.o
                0x0000000000000000                __vectors
                0x0000000000000000                __vector_default
 *(.vectors)
 *(.progmem.gcc*)
 .progmem.gcc_sw_table.action_get_macro
                0x0000000000000098       0x10 obj_firmware/keymap.o
 .progmem.gcc_sw_table.USB_Device_ProcessControlRequest
                0x00000000000000a8       0x14 obj_firmware/protocol/lufa/LUFA-git/LUFA/Drivers/USB/Core/DeviceStandardReq.o
 .progmem.gcc_sw_table.process_action
                0x00000000000000bc       0x20 obj_firmware/common/action.o
                0x00000000000000dc                . = ALIGN (0x2)
                0x00000000000000dc                __trampolines_start = .
 *(.trampolines)
 .trampolines   0x00000000000000dc        0x0 linker stubs
 *(.trampolines*)
                0x00000000000000dc                __trampolines_end = .
 *(.progmem*)
 .progmem.data.__m.4691
                0x00000000000000dc        0x1 obj_firmware/keymap.o
 .progmem.data.__m.4689
                0x00000000000000dd        0x1 obj_firmware/keymap.o
 .progmem.data.__m.4686
                0x00000000000000de        0x1 obj_firmware/keymap.o
 .progmem.data.__m.4684
                0x00000000000000df        0x1 obj_firmware/keymap.o
 .progmem.data.__m.4681
                0x00000000000000e0        0x1 obj_firmware/keymap.o
 .progmem.data.__m.4679
                0x00000000000000e1        0x1 obj_firmware/keymap.o
 .progmem.data.__m.4676
                0x00000000000000e2        0x1 obj_firmware/keymap.o
 .progmem.data.__m.4674
                0x00000000000000e3        0x1 obj_firmware/keymap.o
 .progmem.data.__m.4671
                0x00000000000000e4        0x1 obj_firmware/keymap.o
 .progmem.data.__m.4669
                0x00000000000000e5        0x1 obj_firmware/keymap.o
 .progmem.data.__m.4666
                0x00000000000000e6        0x1 obj_firmware/keymap.o
 .progmem.data.__m.4664
                0x00000000000000e7        0x1 obj_firmware/keymap.o
 .progmem.data.__m.4661
                0x00000000000000e8        0x1 obj_firmware/keymap.o
 .progmem.data.__m.4659
                0x00000000000000e9        0x1 obj_firmware/keymap.o
 .progmem.data.__m.4656
                0x00000000000000ea        0x1 obj_firmware/keymap.o
 .progmem.data.__m.4654
                0x00000000000000eb        0x1 obj_firmware/keymap.o
 .progmem.data.fn_actions
                0x00000000000000ec       0x2c obj_firmware/keymap.o
                0x00000000000000ec                fn_actions
 .progmem.data.keymaps
                0x0000000000000118      0x230 obj_firmware/keymap.o
                0x0000000000000118                keymaps
 .progmem.data.__c.1942
                0x0000000000000348        0x2 obj_firmware/matrix.o
 .progmem.data.__c.1940
                0x000000000000034a        0x6 obj_firmware/matrix.o
 .progmem.data.__c.1938
                0x0000000000000350        0x3 obj_firmware/matrix.o
 .progmem.data.__c.1936
                0x0000000000000353        0x5 obj_firmware/matrix.o
 .progmem.data.__c.1933
                0x0000000000000358       0x17 obj_firmware/matrix.o
 .progmem.data.__c.1911
                0x000000000000036f        0x2 obj_firmware/matrix.o
 .progmem.data.__c.1909
                0x0000000000000371        0x5 obj_firmware/matrix.o
 .progmem.data.__c.1907
                0x0000000000000376        0xa obj_firmware/matrix.o
 .progmem.data.__c.4833
                0x0000000000000380        0x4 obj_firmware/protocol/lufa/lufa.o
 .progmem.data.__c.4831
                0x0000000000000384       0x11 obj_firmware/protocol/lufa/lufa.o
 .progmem.data.__c.4829
                0x0000000000000395       0x11 obj_firmware/protocol/lufa/lufa.o
 .progmem.data.__c.4727
                0x00000000000003a6        0x4 obj_firmware/protocol/lufa/lufa.o
 .progmem.data.__c.4723
                0x00000000000003aa        0x4 obj_firmware/protocol/lufa/lufa.o
 .progmem.data.__c.4719
                0x00000000000003ae        0x4 obj_firmware/protocol/lufa/lufa.o
 .progmem.data.__c.4714
                0x00000000000003b2        0x4 obj_firmware/protocol/lufa/lufa.o
 .progmem.data.__c.4709
                0x00000000000003b6        0x4 obj_firmware/protocol/lufa/lufa.o
 .progmem.data.ProductString
                0x00000000000003ba       0x1c obj_firmware/protocol/lufa/descriptor.o
                0x00000000000003ba                ProductString
 .progmem.data.ManufacturerString
                0x00000000000003d6        0xe obj_firmware/protocol/lufa/descriptor.o
                0x00000000000003d6                ManufacturerString
 .progmem.data.LanguageString
                0x00000000000003e4        0x4 obj_firmware/protocol/lufa/descriptor.o
                0x00000000000003e4                LanguageString
 .progmem.data.ConfigurationDescriptor
                0x00000000000003e8       0x8d obj_firmware/protocol/lufa/descriptor.o
                0x00000000000003e8                ConfigurationDescriptor
 .progmem.data.DeviceDescriptor
                0x0000000000000475       0x12 obj_firmware/protocol/lufa/descriptor.o
                0x0000000000000475                DeviceDescriptor
 .progmem.data.NKROReport
                0x0000000000000487       0x39 obj_firmware/protocol/lufa/descriptor.o
                0x0000000000000487                NKROReport
 .progmem.data.ConsoleReport
                0x00000000000004c0       0x22 obj_firmware/protocol/lufa/descriptor.o
                0x00000000000004c0                ConsoleReport
 .progmem.data.ExtrakeyReport
                0x00000000000004e2       0x36 obj_firmware/protocol/lufa/descriptor.o
                0x00000000000004e2                ExtrakeyReport
 .progmem.data.MouseReport
                0x0000000000000518       0x4d obj_firmware/protocol/lufa/descriptor.o
                0x0000000000000518                MouseReport
 .progmem.data.KeyboardReport
                0x0000000000000565       0x40 obj_firmware/protocol/lufa/descriptor.o
                0x0000000000000565                KeyboardReport
 .progmem.data.__c.4447
                0x00000000000005a5        0x2 obj_firmware/common/host.o
 .progmem.data.__c.4442
                0x00000000000005a7        0x6 obj_firmware/common/host.o
 .progmem.data.__c.4439
                0x00000000000005ad       0x12 obj_firmware/common/host.o
 .progmem.data.__c.4802
                0x00000000000005bf        0xb obj_firmware/common/keyboard.o
 .progmem.data.__c.4587
                0x00000000000005ca       0x1e obj_firmware/common/action_util.o
 .progmem.data.__c.4582
                0x00000000000005e8       0x1e obj_firmware/common/action_util.o
 .progmem.data.__c.4752
                0x0000000000000606        0x7 obj_firmware/common/bootmagic.o
 .progmem.data.__c.4746
                0x000000000000060d       0x15 obj_firmware/common/bootmagic.o
 .progmem.data.__c.4519
                0x0000000000000622        0x3 obj_firmware/common/mousekey.o
 .progmem.data.__c.4517
                0x0000000000000625        0x3 obj_firmware/common/mousekey.o
 .progmem.data.__c.4515
                0x0000000000000628        0x2 obj_firmware/common/mousekey.o
 .progmem.data.__c.4513
                0x000000000000062a        0x3 obj_firmware/common/mousekey.o
 .progmem.data.__c.4511
                0x000000000000062d        0x3 obj_firmware/common/mousekey.o
 .progmem.data.__c.4509
                0x0000000000000630        0x3 obj_firmware/common/mousekey.o
 .progmem.data.__c.4507
                0x0000000000000633        0x2 obj_firmware/common/mousekey.o
 .progmem.data.__c.4505
                0x0000000000000635        0x3 obj_firmware/common/mousekey.o
 .progmem.data.__c.4503
                0x0000000000000638        0x2 obj_firmware/common/mousekey.o
 .progmem.data.__c.4501
                0x000000000000063a        0x3 obj_firmware/common/mousekey.o
 .progmem.data.__c.4499
                0x000000000000063d        0x2 obj_firmware/common/mousekey.o
 .progmem.data.__c.4497
                0x000000000000063f        0x3 obj_firmware/common/mousekey.o
 .progmem.data.__c.4495
                0x0000000000000642        0x2 obj_firmware/common/mousekey.o
 .progmem.data.__c.4493
                0x0000000000000644        0x5 obj_firmware/common/mousekey.o
 .progmem.data.__c.4491
                0x0000000000000649       0x23 obj_firmware/common/mousekey.o
 .progmem.data.__c.5116
                0x000000000000066c       0x1b obj_firmware/common/command.o
 .progmem.data.__c.5113
                0x0000000000000687       0x19 obj_firmware/common/command.o
 .progmem.data.__c.5110
                0x00000000000006a0       0x15 obj_firmware/common/command.o
 .progmem.data.__c.5107
                0x00000000000006b5       0x13 obj_firmware/common/command.o
 .progmem.data.__c.5104
                0x00000000000006c8       0x12 obj_firmware/common/command.o
 .progmem.data.__c.5100
                0x00000000000006da        0xf obj_firmware/common/command.o
 .progmem.data.__c.5093
                0x00000000000006e9       0x1b obj_firmware/common/command.o
 .progmem.data.__c.5090
                0x0000000000000704       0x19 obj_firmware/common/command.o
 .progmem.data.__c.5087
                0x000000000000071d       0x15 obj_firmware/common/command.o
 .progmem.data.__c.5084
                0x0000000000000732       0x13 obj_firmware/common/command.o
 .progmem.data.__c.5081
                0x0000000000000745       0x12 obj_firmware/common/command.o
 .progmem.data.__c.5077
                0x0000000000000757        0xf obj_firmware/common/command.o
 .progmem.data.__c.5070
                0x0000000000000766        0x2 obj_firmware/common/command.o
 .progmem.data.__c.5068
                0x0000000000000768        0x3 obj_firmware/common/command.o
 .progmem.data.__c.5066
                0x000000000000076b       0x17 obj_firmware/common/command.o
 .progmem.data.__c.5064
                0x0000000000000782        0x2 obj_firmware/common/command.o
 .progmem.data.__c.5062
                0x0000000000000784        0x3 obj_firmware/common/command.o
 .progmem.data.__c.5060
                0x0000000000000787       0x15 obj_firmware/common/command.o
 .progmem.data.__c.5058
                0x000000000000079c        0x2 obj_firmware/common/command.o
 .progmem.data.__c.5056
                0x000000000000079e        0x3 obj_firmware/common/command.o
 .progmem.data.__c.5054
                0x00000000000007a1       0x11 obj_firmware/common/command.o
 .progmem.data.__c.5052
                0x00000000000007b2        0x2 obj_firmware/common/command.o
 .progmem.data.__c.5050
                0x00000000000007b4        0x3 obj_firmware/common/command.o
 .progmem.data.__c.5048
                0x00000000000007b7        0xf obj_firmware/common/command.o
 .progmem.data.__c.5046
                0x00000000000007c6        0x2 obj_firmware/common/command.o
 .progmem.data.__c.5044
                0x00000000000007c8        0x3 obj_firmware/common/command.o
 .progmem.data.__c.5042
                0x00000000000007cb       0x12 obj_firmware/common/command.o
 .progmem.data.__c.5040
                0x00000000000007dd        0x2 obj_firmware/common/command.o
 .progmem.data.__c.5038
                0x00000000000007df        0x3 obj_firmware/common/command.o
 .progmem.data.__c.5036
                0x00000000000007e2       0x12 obj_firmware/common/command.o
 .progmem.data.__c.5034
                0x00000000000007f4        0xe obj_firmware/common/command.o
 .progmem.data.__c.5154
                0x0000000000000802        0x3 obj_firmware/common/command.o
 .progmem.data.__c.5152
                0x0000000000000805        0x6 obj_firmware/common/command.o
 .progmem.data.__c.5150
                0x000000000000080b        0x2 obj_firmware/common/command.o
 .progmem.data.__c.5147
                0x000000000000080d        0xd obj_firmware/common/command.o
 .progmem.data.__c.5133
                0x000000000000081a        0x4 obj_firmware/common/command.o
 .progmem.data.__c.5123
                0x000000000000081e       0x4e obj_firmware/common/command.o
 .progmem.data.__c.5121
                0x000000000000086c       0xfb obj_firmware/common/command.o
 .progmem.data.__c.5026
                0x0000000000000967        0x2 obj_firmware/common/command.o
 .progmem.data.__c.5023
                0x0000000000000969        0x4 obj_firmware/common/command.o
 .progmem.data.__c.5028
                0x000000000000096d        0x4 obj_firmware/common/command.o
 .progmem.data.__c.5172
                0x0000000000000971        0x5 obj_firmware/common/command.o
 .progmem.data.__c.5012
                0x0000000000000976       0x27 obj_firmware/common/command.o
 .progmem.data.__c.4837
                0x000000000000099d       0xa5 obj_firmware/common/command.o
 .progmem.data.__c.4932
                0x0000000000000a42        0x2 obj_firmware/common/command.o
 .progmem.data.__c.4930
                0x0000000000000a44        0x3 obj_firmware/common/command.o
 .progmem.data.__c.4928
                0x0000000000000a47        0x8 obj_firmware/common/command.o
 .progmem.data.__c.4926
                0x0000000000000a4f        0x2 obj_firmware/common/command.o
 .progmem.data.__c.4924
                0x0000000000000a51        0x3 obj_firmware/common/command.o
 .progmem.data.__c.4922
                0x0000000000000a54       0x1c obj_firmware/common/command.o
 .progmem.data.__c.4920
                0x0000000000000a70        0x2 obj_firmware/common/command.o
 .progmem.data.__c.4918
                0x0000000000000a72        0x3 obj_firmware/common/command.o
 .progmem.data.__c.4916
                0x0000000000000a75       0x12 obj_firmware/common/command.o
 .progmem.data.__c.4914
                0x0000000000000a87        0x2 obj_firmware/common/command.o
 .progmem.data.__c.4912
                0x0000000000000a89        0x3 obj_firmware/common/command.o
 .progmem.data.__c.4910
                0x0000000000000a8c        0xa obj_firmware/common/command.o
 .progmem.data.__c.4908
                0x0000000000000a96        0x2 obj_firmware/common/command.o
 .progmem.data.__c.4906
                0x0000000000000a98        0x3 obj_firmware/common/command.o
 .progmem.data.__c.4904
                0x0000000000000a9b       0x12 obj_firmware/common/command.o
 .progmem.data.__c.4902
                0x0000000000000aad        0x2 obj_firmware/common/command.o
 .progmem.data.__c.4900
                0x0000000000000aaf        0x3 obj_firmware/common/command.o
 .progmem.data.__c.4898
                0x0000000000000ab2       0x12 obj_firmware/common/command.o
 .progmem.data.__c.4896
                0x0000000000000ac4        0x2 obj_firmware/common/command.o
 .progmem.data.__c.4894
                0x0000000000000ac6        0x3 obj_firmware/common/command.o
 .progmem.data.__c.4892
                0x0000000000000ac9       0x17 obj_firmware/common/command.o
 .progmem.data.__c.4890
                0x0000000000000ae0        0x2 obj_firmware/common/command.o
 .progmem.data.__c.4888
                0x0000000000000ae2        0x3 obj_firmware/common/command.o
 .progmem.data.__c.4886
                0x0000000000000ae5       0x19 obj_firmware/common/command.o
 .progmem.data.__c.4884
                0x0000000000000afe        0x2 obj_firmware/common/command.o
 .progmem.data.__c.4882
                0x0000000000000b00        0x5 obj_firmware/common/command.o
 .progmem.data.__c.4880
                0x0000000000000b05       0x14 obj_firmware/common/command.o
 .progmem.data.__c.4877
                0x0000000000000b19        0x2 obj_firmware/common/command.o
 .progmem.data.__c.4875
                0x0000000000000b1b        0x3 obj_firmware/common/command.o
 .progmem.data.__c.4873
                0x0000000000000b1e        0x9 obj_firmware/common/command.o
 .progmem.data.__c.4871
                0x0000000000000b27        0x2 obj_firmware/common/command.o
 .progmem.data.__c.4869
                0x0000000000000b29        0x3 obj_firmware/common/command.o
 .progmem.data.__c.4867
                0x0000000000000b2c        0xc obj_firmware/common/command.o
 .progmem.data.__c.4865
                0x0000000000000b38        0x2 obj_firmware/common/command.o
 .progmem.data.__c.4863
                0x0000000000000b3a        0x3 obj_firmware/common/command.o
 .progmem.data.__c.4861
                0x0000000000000b3d        0xa obj_firmware/common/command.o
 .progmem.data.__c.4859
                0x0000000000000b47        0x2 obj_firmware/common/command.o
 .progmem.data.__c.4857
                0x0000000000000b49        0x3 obj_firmware/common/command.o
 .progmem.data.__c.4855
                0x0000000000000b4c        0xa obj_firmware/common/command.o
 .progmem.data.__c.4853
                0x0000000000000b56        0x2 obj_firmware/common/command.o
 .progmem.data.__c.4851
                0x0000000000000b58        0x5 obj_firmware/common/command.o
 .progmem.data.__c.4849
                0x0000000000000b5d       0x13 obj_firmware/common/command.o
 .progmem.data.__c.4846
                0x0000000000000b70        0x2 obj_firmware/common/command.o
 .progmem.data.__c.4844
                0x0000000000000b72        0x3 obj_firmware/common/command.o
 .progmem.data.__c.4842
                0x0000000000000b75       0x10 obj_firmware/common/command.o
 .progmem.data.__c.5007
                0x0000000000000b85        0x2 obj_firmware/common/command.o
 .progmem.data.__c.4998
                0x0000000000000b87        0xb obj_firmware/common/command.o
 .progmem.data.__c.4996
                0x0000000000000b92        0xa obj_firmware/common/command.o
 .progmem.data.__c.4993
                0x0000000000000b9c       0x17 obj_firmware/common/command.o
 .progmem.data.__c.4991
                0x0000000000000bb3       0x13 obj_firmware/common/command.o
 .progmem.data.__c.4989
                0x0000000000000bc6       0x13 obj_firmware/common/command.o
 .progmem.data.__c.4987
                0x0000000000000bd9       0x17 obj_firmware/common/command.o
 .progmem.data.__c.4985
                0x0000000000000bf0       0x1a obj_firmware/common/command.o
 .progmem.data.__c.4983
                0x0000000000000c0a        0xe obj_firmware/common/command.o
 .progmem.data.__c.4980
                0x0000000000000c18       0x2f obj_firmware/common/command.o
 .progmem.data.__c.4978
                0x0000000000000c47       0x45 obj_firmware/common/command.o
 .progmem.data.__c.4976
                0x0000000000000c8c       0x27 obj_firmware/common/command.o
 .progmem.data.__c.4974
                0x0000000000000cb3       0x3a obj_firmware/common/command.o
 .progmem.data.__c.4972
                0x0000000000000ced       0x17 obj_firmware/common/command.o
 .progmem.data.__c.4970
                0x0000000000000d04        0xf obj_firmware/common/command.o
 .progmem.data.__c.4967
                0x0000000000000d13        0xd obj_firmware/common/command.o
 .progmem.data.__c.4965
                0x0000000000000d20        0xc obj_firmware/common/command.o
 .progmem.data.__c.4962
                0x0000000000000d2c       0x10 obj_firmware/common/command.o
 .progmem.data.__c.4960
                0x0000000000000d3c        0xf obj_firmware/common/command.o
 .progmem.data.__c.4957
                0x0000000000000d4b        0xe obj_firmware/common/command.o
 .progmem.data.__c.4955
                0x0000000000000d59        0xd obj_firmware/common/command.o
 .progmem.data.__c.4952
                0x0000000000000d66        0xc obj_firmware/common/command.o
 .progmem.data.__c.4950
                0x0000000000000d72        0xd obj_firmware/common/command.o
 .progmem.data.__c.4947
                0x0000000000000d7f       0x11 obj_firmware/common/command.o
 .progmem.data.__c.4944
                0x0000000000000d90        0x4 obj_firmware/common/command.o
 .progmem.data.__c.4938
                0x0000000000000d94        0xb obj_firmware/common/command.o
                0x0000000000000da0                . = ALIGN (0x2)
 *fill*         0x0000000000000d9f        0x1 
 *(.jumptables)
 *(.jumptables*)
 *(.lowtext)
 *(.lowtext*)
                0x0000000000000da0                __ctors_start = .
 *(.ctors)
                0x0000000000000da0                __ctors_end = .
                0x0000000000000da0                __dtors_start = .
 *(.dtors)
                0x0000000000000da0                __dtors_end = .
 SORT(*)(.ctors)
 SORT(*)(.dtors)
 *(.init0)
 .init0         0x0000000000000da0        0x0 /usr/lib/gcc/avr/4.9.2/../../../avr/lib/avr51/crtat90usb1286.o
                0x0000000000000da0                __init
 *(.init0)
 *(.init1)
 *(.init1)
 *(.init2)
 .init2         0x0000000000000da0        0xc /usr/lib/gcc/avr/4.9.2/../../../avr/lib/avr51/crtat90usb1286.o
 *(.init2)
 *(.init3)
 .init3         0x0000000000000dac       0x54 obj_firmware/common/avr/bootloader.o
                0x0000000000000dac                bootloader_jump_after_watchdog_reset
 *(.init3)
 *(.init4)
 .init4         0x0000000000000e00       0x1a /usr/lib/gcc/avr/4.9.2/avr51/libgcc.a(_copy_data.o)
                0x0000000000000e00                __do_copy_data
 .init4         0x0000000000000e1a       0x10 /usr/lib/gcc/avr/4.9.2/avr51/libgcc.a(_clear_bss.o)
                0x0000000000000e1a                __do_clear_bss
 *(.init4)
 *(.init5)
 *(.init5)
 *(.init6)
 *(.init6)
 *(.init7)
 *(.init7)
 *(.init8)
 *(.init8)
 *(.init9)
 .init9         0x0000000000000e2a        0x8 /usr/lib/gcc/avr/4.9.2/../../../avr/lib/avr51/crtat90usb1286.o
 *(.init9)
 *(.text)
 .text          0x0000000000000e32        0x4 /usr/lib/gcc/avr/4.9.2/../../../avr/lib/avr51/crtat90usb1286.o
                0x0000000000000e32                __vector_22
                0x0000000000000e32                __vector_28
                0x0000000000000e32                __vector_1
                0x0000000000000e32                __vector_32
                0x0000000000000e32                __vector_34
                0x0000000000000e32                __vector_24
                0x0000000000000e32                __bad_interrupt
                0x0000000000000e32                __vector_6
                0x0000000000000e32                __vector_31
                0x0000000000000e32                __vector_35
                0x0000000000000e32                __vector_3
                0x0000000000000e32                __vector_23
                0x0000000000000e32                __vector_30
                0x0000000000000e32                __vector_25
                0x0000000000000e32                __vector_13
                0x0000000000000e32                __vector_17
                0x0000000000000e32                __vector_19
                0x0000000000000e32                __vector_7
                0x0000000000000e32                __vector_27
                0x0000000000000e32                __vector_5
                0x0000000000000e32                __vector_33
                0x0000000000000e32                __vector_37
                0x0000000000000e32                __vector_4
                0x0000000000000e32                __vector_9
                0x0000000000000e32                __vector_2
                0x0000000000000e32                __vector_15
                0x0000000000000e32                __vector_36
                0x0000000000000e32                __vector_29
                0x0000000000000e32                __vector_8
                0x0000000000000e32                __vector_26
                0x0000000000000e32                __vector_14
                0x0000000000000e32                __vector_16
                0x0000000000000e32                __vector_18
                0x0000000000000e32                __vector_20
 .text          0x0000000000000e36      0x15c obj_firmware/common/avr/xprintf.o
                0x0000000000000e36                xputc
                0x0000000000000e4e                xputs
                0x0000000000000e5c                xitoa
                0x0000000000000f80                __xprintf
                0x0000000000000f92                . = ALIGN (0x2)
 *(.text.*)
 .text.action_get_macro
                0x0000000000000f92       0x9e obj_firmware/keymap.o
                0x0000000000000f92                action_get_macro
 .text.keymap_key_to_keycode
                0x0000000000001030       0x1e obj_firmware/keymap_common.o
                0x0000000000001030                keymap_key_to_keycode
 .text.keymap_fn_to_action
                0x000000000000104e       0x12 obj_firmware/keymap_common.o
                0x000000000000104e                keymap_fn_to_action
 .text.unselect_rows
                0x0000000000001060        0xe obj_firmware/matrix.o
 .text.matrix_init
                0x000000000000106e       0x40 obj_firmware/matrix.o
                0x000000000000106e                matrix_init
 .text.matrix_scan
                0x00000000000010ae      0x23a obj_firmware/matrix.o
                0x00000000000010ae                matrix_scan
 .text.matrix_get_row
                0x00000000000012e8       0x12 obj_firmware/matrix.o
                0x00000000000012e8                matrix_get_row
 .text.matrix_print
                0x00000000000012fa       0x8e obj_firmware/matrix.o
                0x00000000000012fa                matrix_print
 .text.led_set  0x0000000000001388        0x2 obj_firmware/led.o
                0x0000000000001388                led_set
 .text.keyboard_leds
                0x000000000000138a        0x6 obj_firmware/protocol/lufa/lufa.o
 .text.sendchar
                0x0000000000001390       0xc6 obj_firmware/protocol/lufa/lufa.o
                0x0000000000001390                sendchar
 .text.send_consumer
                0x0000000000001456       0x68 obj_firmware/protocol/lufa/lufa.o
 .text.send_system
                0x00000000000014be       0x68 obj_firmware/protocol/lufa/lufa.o
 .text.send_mouse
                0x0000000000001526       0x46 obj_firmware/protocol/lufa/lufa.o
 .text.send_keyboard
                0x000000000000156c       0xa4 obj_firmware/protocol/lufa/lufa.o
 .text.EVENT_USB_Device_Connect
                0x0000000000001610       0x24 obj_firmware/protocol/lufa/lufa.o
                0x0000000000001610                EVENT_USB_Device_Connect
 .text.EVENT_USB_Device_Disconnect
                0x0000000000001634        0xe obj_firmware/protocol/lufa/lufa.o
                0x0000000000001634                EVENT_USB_Device_Disconnect
 .text.EVENT_USB_Device_Reset
                0x0000000000001642        0x8 obj_firmware/protocol/lufa/lufa.o
                0x0000000000001642                EVENT_USB_Device_Reset
 .text.EVENT_USB_Device_StartOfFrame
                0x000000000000164a       0x82 obj_firmware/protocol/lufa/lufa.o
                0x000000000000164a                EVENT_USB_Device_StartOfFrame
 .text.EVENT_USB_Device_ConfigurationChanged
                0x00000000000016cc       0x32 obj_firmware/protocol/lufa/lufa.o
                0x00000000000016cc                EVENT_USB_Device_ConfigurationChanged
 .text.EVENT_USB_Device_ControlRequest
                0x00000000000016fe      0x164 obj_firmware/protocol/lufa/lufa.o
                0x00000000000016fe                EVENT_USB_Device_ControlRequest
 .text.hook_early_init
                0x0000000000001862        0x2 obj_firmware/protocol/lufa/lufa.o
                0x0000000000001862                hook_early_init
 .text.hook_late_init
                0x0000000000001864        0x2 obj_firmware/protocol/lufa/lufa.o
                0x0000000000001864                hook_late_init
 .text.hook_usb_suspend_entry
                0x0000000000001866        0x2 obj_firmware/protocol/lufa/lufa.o
                0x0000000000001866                hook_usb_suspend_entry
 .text.EVENT_USB_Device_Suspend
                0x0000000000001868        0xc obj_firmware/protocol/lufa/lufa.o
                0x0000000000001868                EVENT_USB_Device_Suspend
 .text.hook_usb_suspend_loop
                0x0000000000001874       0x18 obj_firmware/protocol/lufa/lufa.o
                0x0000000000001874                hook_usb_suspend_loop
 .text.startup.main
                0x000000000000188c       0x96 obj_firmware/protocol/lufa/lufa.o
                0x000000000000188c                main
 .text.hook_usb_wakeup
                0x0000000000001922        0x4 obj_firmware/protocol/lufa/lufa.o
                0x0000000000001922                hook_usb_wakeup
 .text.EVENT_USB_Device_WakeUp
                0x0000000000001926        0xc obj_firmware/protocol/lufa/lufa.o
                0x0000000000001926                EVENT_USB_Device_WakeUp
 .text.CALLBACK_USB_GetDescriptor
                0x0000000000001932       0xb0 obj_firmware/protocol/lufa/descriptor.o
                0x0000000000001932                CALLBACK_USB_GetDescriptor
 .text.USB_Device_SendRemoteWakeup
                0x00000000000019e2       0x2c obj_firmware/protocol/lufa/LUFA-git/LUFA/Drivers/USB/Core/AVR8/Device_AVR8.o
                0x00000000000019e2                USB_Device_SendRemoteWakeup
 .text.Endpoint_Write_Stream_LE
                0x0000000000001a0e       0x96 obj_firmware/protocol/lufa/LUFA-git/LUFA/Drivers/USB/Core/AVR8/EndpointStream_AVR8.o
                0x0000000000001a0e                Endpoint_Write_Stream_LE
 .text.Endpoint_Write_Control_Stream_LE
                0x0000000000001aa4       0xc2 obj_firmware/protocol/lufa/LUFA-git/LUFA/Drivers/USB/Core/AVR8/EndpointStream_AVR8.o
                0x0000000000001aa4                Endpoint_Write_Control_Stream_LE
 .text.Endpoint_Write_Control_PStream_LE
                0x0000000000001b66       0xbe obj_firmware/protocol/lufa/LUFA-git/LUFA/Drivers/USB/Core/AVR8/EndpointStream_AVR8.o
                0x0000000000001b66                Endpoint_Write_Control_PStream_LE
 .text.Endpoint_ConfigureEndpoint_Prv
                0x0000000000001c24       0x6a obj_firmware/protocol/lufa/LUFA-git/LUFA/Drivers/USB/Core/AVR8/Endpoint_AVR8.o
                0x0000000000001c24                Endpoint_ConfigureEndpoint_Prv
 .text.Endpoint_ClearStatusStage
                0x0000000000001c8e       0x3e obj_firmware/protocol/lufa/LUFA-git/LUFA/Drivers/USB/Core/AVR8/Endpoint_AVR8.o
                0x0000000000001c8e                Endpoint_ClearStatusStage
 .text.Endpoint_WaitUntilReady
                0x0000000000001ccc       0x64 obj_firmware/protocol/lufa/LUFA-git/LUFA/Drivers/USB/Core/AVR8/Endpoint_AVR8.o
                0x0000000000001ccc                Endpoint_WaitUntilReady
 .text.USB_Disable
                0x0000000000001d30       0x34 obj_firmware/protocol/lufa/LUFA-git/LUFA/Drivers/USB/Core/AVR8/USBController_AVR8.o
                0x0000000000001d30                USB_Disable
 .text.USB_ResetInterface
                0x0000000000001d64       0x90 obj_firmware/protocol/lufa/LUFA-git/LUFA/Drivers/USB/Core/AVR8/USBController_AVR8.o
                0x0000000000001d64                USB_ResetInterface
 .text.USB_Init
                0x0000000000001df4       0x1e obj_firmware/protocol/lufa/LUFA-git/LUFA/Drivers/USB/Core/AVR8/USBController_AVR8.o
                0x0000000000001df4                USB_Init
 .text.USB_INT_DisableAllInterrupts
                0x0000000000001e12       0x10 obj_firmware/protocol/lufa/LUFA-git/LUFA/Drivers/USB/Core/AVR8/USBInterrupt_AVR8.o
                0x0000000000001e12                USB_INT_DisableAllInterrupts
 .text.USB_INT_ClearAllInterrupts
                0x0000000000001e22        0xa obj_firmware/protocol/lufa/LUFA-git/LUFA/Drivers/USB/Core/AVR8/USBInterrupt_AVR8.o
                0x0000000000001e22                USB_INT_ClearAllInterrupts
 .text.__vector_10
                0x0000000000001e2c      0x1ac obj_firmware/protocol/lufa/LUFA-git/LUFA/Drivers/USB/Core/AVR8/USBInterrupt_AVR8.o
                0x0000000000001e2c                __vector_10
 .text.__vector_11
                0x0000000000001fd8       0x90 obj_firmware/protocol/lufa/LUFA-git/LUFA/Drivers/USB/Core/AVR8/USBInterrupt_AVR8.o
                0x0000000000001fd8                __vector_11
 .text.USB_Device_ProcessControlRequest
                0x0000000000002068      0x2a2 obj_firmware/protocol/lufa/LUFA-git/LUFA/Drivers/USB/Core/DeviceStandardReq.o
                0x0000000000002068                USB_Device_ProcessControlRequest
 .text.host_set_driver
                0x000000000000230a        0xa obj_firmware/common/host.o
                0x000000000000230a                host_set_driver
 .text.host_keyboard_leds
                0x0000000000002314       0x18 obj_firmware/common/host.o
                0x0000000000002314                host_keyboard_leds
 .text.host_keyboard_send
                0x000000000000232c       0x92 obj_firmware/common/host.o
                0x000000000000232c                host_keyboard_send
 .text.host_mouse_send
                0x00000000000023be       0x16 obj_firmware/common/host.o
                0x00000000000023be                host_mouse_send
 .text.host_system_send
                0x00000000000023d4       0x2c obj_firmware/common/host.o
                0x00000000000023d4                host_system_send
 .text.host_consumer_send
                0x0000000000002400       0x2c obj_firmware/common/host.o
                0x0000000000002400                host_consumer_send
 .text.matrix_setup
                0x000000000000242c        0x2 obj_firmware/common/keyboard.o
                0x000000000000242c                matrix_setup
 .text.keyboard_setup
                0x000000000000242e        0x4 obj_firmware/common/keyboard.o
                0x000000000000242e                keyboard_setup
 .text.keyboard_init
                0x0000000000002432        0xc obj_firmware/common/keyboard.o
                0x0000000000002432                keyboard_init
 .text.keyboard_task
                0x000000000000243e      0x1a2 obj_firmware/common/keyboard.o
                0x000000000000243e                keyboard_task
 .text.keyboard_set_leds
                0x00000000000025e0        0x4 obj_firmware/common/keyboard.o
                0x00000000000025e0                keyboard_set_leds
 .text.action_exec
                0x00000000000025e4       0x80 obj_firmware/common/action.o
                0x00000000000025e4                action_exec
 .text.register_code
                0x0000000000002664      0x1a6 obj_firmware/common/action.o
                0x0000000000002664                register_code
 .text.unregister_code
                0x000000000000280a       0x9e obj_firmware/common/action.o
                0x000000000000280a                unregister_code
 .text.register_mods
                0x00000000000028a8        0xe obj_firmware/common/action.o
                0x00000000000028a8                register_mods
 .text.unregister_mods
                0x00000000000028b6        0xe obj_firmware/common/action.o
                0x00000000000028b6                unregister_mods
 .text.process_action
                0x00000000000028c4      0x610 obj_firmware/common/action.o
                0x00000000000028c4                process_action
 .text.clear_keyboard_but_mods
                0x0000000000002ed4       0x24 obj_firmware/common/action.o
                0x0000000000002ed4                clear_keyboard_but_mods
 .text.clear_keyboard
                0x0000000000002ef8        0x8 obj_firmware/common/action.o
                0x0000000000002ef8                clear_keyboard
 .text.is_tap_key
                0x0000000000002f00       0x4c obj_firmware/common/action.o
                0x0000000000002f00                is_tap_key
 .text.debug_event
                0x0000000000002f4c       0x1e obj_firmware/common/action.o
                0x0000000000002f4c                debug_event
 .text.debug_record
                0x0000000000002f6a       0x20 obj_firmware/common/action.o
                0x0000000000002f6a                debug_record
 .text.debug_waiting_buffer
                0x0000000000002f8a       0x42 obj_firmware/common/action_tapping.o
 .text.debug_tapping_key
                0x0000000000002fcc       0x1c obj_firmware/common/action_tapping.o
 .text.waiting_buffer_scan_tap
                0x0000000000002fe8       0xb6 obj_firmware/common/action_tapping.o
 .text.process_tapping
                0x000000000000309e      0x38e obj_firmware/common/action_tapping.o
 .text.action_tapping_process
                0x000000000000342c      0x148 obj_firmware/common/action_tapping.o
                0x000000000000342c                action_tapping_process
 .text.action_macro_play
                0x0000000000003574      0x13a obj_firmware/common/action_macro.o
                0x0000000000003574                action_macro_play
 .text.default_layer_state_set
                0x00000000000036ae       0x18 obj_firmware/common/action_layer.o
 .text.layer_state_set
                0x00000000000036c6       0x18 obj_firmware/common/action_layer.o
 .text.default_layer_debug
                0x00000000000036de        0x2 obj_firmware/common/action_layer.o
                0x00000000000036de                default_layer_debug
 .text.default_layer_set
                0x00000000000036e0        0x4 obj_firmware/common/action_layer.o
                0x00000000000036e0                default_layer_set
 .text.default_layer_or
                0x00000000000036e4       0x24 obj_firmware/common/action_layer.o
                0x00000000000036e4                default_layer_or
 .text.default_layer_and
                0x0000000000003708       0x24 obj_firmware/common/action_layer.o
                0x0000000000003708                default_layer_and
 .text.default_layer_xor
                0x000000000000372c       0x24 obj_firmware/common/action_layer.o
                0x000000000000372c                default_layer_xor
 .text.layer_clear
                0x0000000000003750        0xa obj_firmware/common/action_layer.o
                0x0000000000003750                layer_clear
 .text.layer_move
                0x000000000000375a       0x2a obj_firmware/common/action_layer.o
                0x000000000000375a                layer_move
 .text.layer_on
                0x0000000000003784       0x42 obj_firmware/common/action_layer.o
                0x0000000000003784                layer_on
 .text.layer_off
                0x00000000000037c6       0x4a obj_firmware/common/action_layer.o
                0x00000000000037c6                layer_off
 .text.layer_invert
                0x0000000000003810       0x42 obj_firmware/common/action_layer.o
                0x0000000000003810                layer_invert
 .text.layer_or
                0x0000000000003852       0x24 obj_firmware/common/action_layer.o
                0x0000000000003852                layer_or
 .text.layer_and
                0x0000000000003876       0x24 obj_firmware/common/action_layer.o
                0x0000000000003876                layer_and
 .text.layer_xor
                0x000000000000389a       0x24 obj_firmware/common/action_layer.o
                0x000000000000389a                layer_xor
 .text.layer_debug
                0x00000000000038be        0x2 obj_firmware/common/action_layer.o
                0x00000000000038be                layer_debug
 .text.layer_switch_get_action
                0x00000000000038c0       0x82 obj_firmware/common/action_layer.o
                0x00000000000038c0                layer_switch_get_action
 .text.add_key  0x0000000000003942       0xa6 obj_firmware/common/action_util.o
                0x0000000000003942                add_key
 .text.del_key  0x00000000000039e8       0x8e obj_firmware/common/action_util.o
                0x00000000000039e8                del_key
 .text.clear_keys
                0x0000000000003a76       0x1c obj_firmware/common/action_util.o
                0x0000000000003a76                clear_keys
 .text.get_mods
                0x0000000000003a92        0x6 obj_firmware/common/action_util.o
                0x0000000000003a92                get_mods
 .text.add_mods
                0x0000000000003a98        0xc obj_firmware/common/action_util.o
                0x0000000000003a98                add_mods
 .text.del_mods
                0x0000000000003aa4        0xe obj_firmware/common/action_util.o
                0x0000000000003aa4                del_mods
 .text.set_mods
                0x0000000000003ab2        0x6 obj_firmware/common/action_util.o
                0x0000000000003ab2                set_mods
 .text.clear_mods
                0x0000000000003ab8        0x6 obj_firmware/common/action_util.o
                0x0000000000003ab8                clear_mods
 .text.add_weak_mods
                0x0000000000003abe        0xc obj_firmware/common/action_util.o
                0x0000000000003abe                add_weak_mods
 .text.del_weak_mods
                0x0000000000003aca        0xe obj_firmware/common/action_util.o
                0x0000000000003aca                del_weak_mods
 .text.clear_weak_mods
                0x0000000000003ad8        0x6 obj_firmware/common/action_util.o
                0x0000000000003ad8                clear_weak_mods
 .text.set_oneshot_mods
                0x0000000000003ade        0x6 obj_firmware/common/action_util.o
                0x0000000000003ade                set_oneshot_mods
 .text.clear_oneshot_mods
                0x0000000000003ae4        0x6 obj_firmware/common/action_util.o
                0x0000000000003ae4                clear_oneshot_mods
 .text.has_anykey
                0x0000000000003aea       0x22 obj_firmware/common/action_util.o
                0x0000000000003aea                has_anykey
 .text.send_keyboard_report
                0x0000000000003b0c       0x4c obj_firmware/common/action_util.o
                0x0000000000003b0c                send_keyboard_report
 .text.print_set_sendchar
                0x0000000000003b58        0xa obj_firmware/common/print.o
                0x0000000000003b58                print_set_sendchar
 .text.bitrev   0x0000000000003b62       0x2c obj_firmware/common/util.o
                0x0000000000003b62                bitrev
 .text.bitrev16
                0x0000000000003b8e       0x34 obj_firmware/common/util.o
                0x0000000000003b8e                bitrev16
 .text.hook_keyboard_loop
                0x0000000000003bc2        0x2 obj_firmware/common/hook.o
                0x0000000000003bc2                hook_keyboard_loop
 .text.hook_matrix_change
                0x0000000000003bc4       0x1e obj_firmware/common/hook.o
                0x0000000000003bc4                hook_matrix_change
 .text.hook_default_layer_change
                0x0000000000003be2        0x2 obj_firmware/common/hook.o
                0x0000000000003be2                hook_default_layer_change
 .text.hook_layer_change
                0x0000000000003be4        0x2 obj_firmware/common/hook.o
                0x0000000000003be4                hook_layer_change
 .text.hook_keyboard_leds_change
                0x0000000000003be6        0x4 obj_firmware/common/hook.o
                0x0000000000003be6                hook_keyboard_leds_change
 .text.hook_bootmagic
                0x0000000000003bea        0x2 obj_firmware/common/hook.o
                0x0000000000003bea                hook_bootmagic
 .text.suspend_power_down
                0x0000000000003bec       0x52 obj_firmware/common/avr/suspend.o
                0x0000000000003bec                suspend_power_down
 .text.matrix_power_up
                0x0000000000003c3e        0x2 obj_firmware/common/avr/suspend.o
                0x0000000000003c3e                matrix_power_up
 .text.matrix_power_down
                0x0000000000003c40        0x2 obj_firmware/common/avr/suspend.o
                0x0000000000003c40                matrix_power_down
 .text.suspend_wakeup_condition
                0x0000000000003c42       0x2a obj_firmware/common/avr/suspend.o
                0x0000000000003c42                suspend_wakeup_condition
 .text.suspend_wakeup_init
                0x0000000000003c6c        0x4 obj_firmware/common/avr/suspend.o
                0x0000000000003c6c                suspend_wakeup_init
 .text.__vector_12
                0x0000000000003c70       0x52 obj_firmware/common/avr/suspend.o
                0x0000000000003c70                __vector_12
 .text.timer_init
                0x0000000000003cc2       0x12 obj_firmware/common/avr/timer.o
                0x0000000000003cc2                timer_init
 .text.timer_read
                0x0000000000003cd4       0x18 obj_firmware/common/avr/timer.o
                0x0000000000003cd4                timer_read
 .text.timer_read32
                0x0000000000003cec       0x18 obj_firmware/common/avr/timer.o
                0x0000000000003cec                timer_read32
 .text.timer_elapsed
                0x0000000000003d04       0x54 obj_firmware/common/avr/timer.o
                0x0000000000003d04                timer_elapsed
 .text.__vector_21
                0x0000000000003d58       0x4a obj_firmware/common/avr/timer.o
                0x0000000000003d58                __vector_21
 .text.bootloader_jump
                0x0000000000003da2       0x44 obj_firmware/common/avr/bootloader.o
                0x0000000000003da2                bootloader_jump
 .text.keycode_to_action
                0x0000000000003de6      0x17e obj_firmware/common/keymap.o
 .text.action_for_key
                0x0000000000003f64       0xe6 obj_firmware/common/keymap.o
                0x0000000000003f64                action_for_key
 .text.action_function
                0x000000000000404a        0x2 obj_firmware/common/keymap.o
                0x000000000000404a                action_function
 .text.scan_key
                0x000000000000404c       0x90 obj_firmware/common/bootmagic.o
 .text.bootmagic_scan_key
                0x00000000000040dc       0x24 obj_firmware/common/bootmagic.o
                0x00000000000040dc                bootmagic_scan_key
 .text.bootmagic
                0x0000000000004100      0x29c obj_firmware/common/bootmagic.o
                0x0000000000004100                bootmagic
 .text.eeconfig_init
                0x000000000000439c       0x34 obj_firmware/common/avr/eeconfig.o
                0x000000000000439c                eeconfig_init
 .text.eeconfig_is_enabled
                0x00000000000043d0       0x16 obj_firmware/common/avr/eeconfig.o
                0x00000000000043d0                eeconfig_is_enabled
 .text.eeconfig_read_debug
                0x00000000000043e6        0x8 obj_firmware/common/avr/eeconfig.o
                0x00000000000043e6                eeconfig_read_debug
 .text.eeconfig_write_debug
                0x00000000000043ee        0xa obj_firmware/common/avr/eeconfig.o
                0x00000000000043ee                eeconfig_write_debug
 .text.eeconfig_read_default_layer
                0x00000000000043f8        0x8 obj_firmware/common/avr/eeconfig.o
                0x00000000000043f8                eeconfig_read_default_layer
 .text.eeconfig_write_default_layer
                0x0000000000004400        0xa obj_firmware/common/avr/eeconfig.o
                0x0000000000004400                eeconfig_write_default_layer
 .text.eeconfig_read_keymap
                0x000000000000440a        0x8 obj_firmware/common/avr/eeconfig.o
                0x000000000000440a                eeconfig_read_keymap
 .text.eeconfig_write_keymap
                0x0000000000004412        0xa obj_firmware/common/avr/eeconfig.o
                0x0000000000004412                eeconfig_write_keymap
 .text.move_unit
                0x000000000000441c       0x92 obj_firmware/common/mousekey.o
 .text.wheel_unit
                0x00000000000044ae       0x72 obj_firmware/common/mousekey.o
 .text.mousekey_on
                0x0000000000004520       0xd0 obj_firmware/common/mousekey.o
                0x0000000000004520                mousekey_on
 .text.mousekey_off
                0x00000000000045f0      0x10a obj_firmware/common/mousekey.o
                0x00000000000045f0                mousekey_off
 .text.mousekey_send
                0x00000000000046fa      0x11a obj_firmware/common/mousekey.o
                0x00000000000046fa                mousekey_send
 .text.mousekey_task
                0x0000000000004814      0x14a obj_firmware/common/mousekey.o
                0x0000000000004814                mousekey_task
 .text.mousekey_clear
                0x000000000000495e       0x18 obj_firmware/common/mousekey.o
                0x000000000000495e                mousekey_clear
 .text.mousekey_console_help
                0x0000000000004976       0x2e obj_firmware/common/command.o
 .text.mousekey_param_inc
                0x00000000000049a4      0x146 obj_firmware/common/command.o
 .text.mousekey_param_dec
                0x0000000000004aea       0xfc obj_firmware/common/command.o
 .text.switch_default_layer
                0x0000000000004be6       0x40 obj_firmware/common/command.o
 .text.command_common
                0x0000000000004c26      0x4e6 obj_firmware/common/command.o
 .text.command_extra
                0x000000000000510c        0x4 obj_firmware/common/command.o
                0x000000000000510c                command_extra
 .text.command_console_extra
                0x0000000000005110        0x4 obj_firmware/common/command.o
                0x0000000000005110                command_console_extra
 .text.command_proc
                0x0000000000005114      0x2aa obj_firmware/common/command.o
                0x0000000000005114                command_proc
 .text.avr-libc.fplib
                0x00000000000053be        0xe /usr/lib/gcc/avr/4.9.2/../../../avr/lib/avr51/libm.a(fixsfsi.o)
                0x00000000000053be                __fixsfsi
 .text.avr-libc.fplib
                0x00000000000053cc       0x5e /usr/lib/gcc/avr/4.9.2/../../../avr/lib/avr51/libm.a(fixunssfsi.o)
                0x00000000000053cc                __fixunssfsi
 .text.avr-libc.fplib
                0x000000000000542a       0x7a /usr/lib/gcc/avr/4.9.2/../../../avr/lib/avr51/libm.a(floatsisf.o)
                0x000000000000542a                __floatunsisf
                0x000000000000542e                __floatsisf
 .text.avr-libc.fplib
                0x00000000000054a4       0x44 /usr/lib/gcc/avr/4.9.2/../../../avr/lib/avr51/libm.a(fp_split3.o)
                0x00000000000054a4                __fp_split3
                0x00000000000054b4                __fp_splitA
 .text.avr-libc.fplib
                0x00000000000054e8        0xe /usr/lib/gcc/avr/4.9.2/../../../avr/lib/avr51/libm.a(fp_zero.o)
                0x00000000000054e8                __fp_zero
                0x00000000000054ea                __fp_szero
 .text.avr-libc.fplib
                0x00000000000054f6        0x8 /usr/lib/gcc/avr/4.9.2/../../../avr/lib/avr51/libm.a(mulsf3.o)
                0x00000000000054f6                __mulsf3
 .text.avr-libc.fplib
                0x00000000000054fe       0xd2 /usr/lib/gcc/avr/4.9.2/../../../avr/lib/avr51/libm.a(mulsf3x.o)
                0x000000000000551c                __mulsf3x
                0x0000000000005522                __mulsf3_pse
 .text.avr-libc.fplib
                0x00000000000055d0        0xc /usr/lib/gcc/avr/4.9.2/../../../avr/lib/avr51/libm.a(fp_inf.o)
                0x00000000000055d0                __fp_inf
 .text.avr-libc.fplib
                0x00000000000055dc        0x6 /usr/lib/gcc/avr/4.9.2/../../../avr/lib/avr51/libm.a(fp_nan.o)
                0x00000000000055dc                __fp_nan
 .text.avr-libc.fplib
                0x00000000000055e2        0xe /usr/lib/gcc/avr/4.9.2/../../../avr/lib/avr51/libm.a(fp_pscA.o)
                0x00000000000055e2                __fp_pscA
 .text.avr-libc.fplib
                0x00000000000055f0        0xe /usr/lib/gcc/avr/4.9.2/../../../avr/lib/avr51/libm.a(fp_pscB.o)
                0x00000000000055f0                __fp_pscB
 .text.avr-libc.fplib
                0x00000000000055fe       0x22 /usr/lib/gcc/avr/4.9.2/../../../avr/lib/avr51/libm.a(fp_round.o)
                0x00000000000055fe                __fp_round
 .text.libgcc.div
                0x0000000000005620       0x18 /usr/lib/gcc/avr/4.9.2/avr51/libgcc.a(_udivmodqi4.o)
                0x0000000000005620                __udivmodqi4
 .text.libgcc.div
                0x0000000000005638       0x28 /usr/lib/gcc/avr/4.9.2/avr51/libgcc.a(_divmodhi4.o)
                0x0000000000005638                __divmodhi4
                0x0000000000005638                _div
 .text.libgcc   0x0000000000005660       0x12 /usr/lib/gcc/avr/4.9.2/avr51/libgcc.a(_tablejump2.o)
                0x0000000000005660                __tablejump2__
 .text.libgcc.div
                0x0000000000005672       0x28 /usr/lib/gcc/avr/4.9.2/avr51/libgcc.a(_udivmodhi4.o)
                0x0000000000005672                __udivmodhi4
 .text.avr-libc
                0x000000000000569a       0x10 /usr/lib/gcc/avr/4.9.2/../../../avr/lib/avr51/libat90usb1286.a(eerd_byte.o)
                0x000000000000569a                eeprom_read_byte
 .text.avr-libc
                0x00000000000056aa        0xc /usr/lib/gcc/avr/4.9.2/../../../avr/lib/avr51/libat90usb1286.a(eerd_word.o)
                0x00000000000056aa                eeprom_read_word
 .text.avr-libc
                0x00000000000056b6       0x1c /usr/lib/gcc/avr/4.9.2/../../../avr/lib/avr51/libat90usb1286.a(eewr_byte.o)
                0x00000000000056b6                eeprom_write_byte
                0x00000000000056b8                eeprom_write_r18
 .text.avr-libc
                0x00000000000056d2        0xa /usr/lib/gcc/avr/4.9.2/../../../avr/lib/avr51/libat90usb1286.a(eewr_word.o)
                0x00000000000056d2                eeprom_write_word
 .text.avr-libc
                0x00000000000056dc       0x20 /usr/lib/gcc/avr/4.9.2/../../../avr/lib/avr51/libat90usb1286.a(eerd_block.o)
                0x00000000000056dc                eeprom_read_block
                0x00000000000056e0                eeprom_read_blraw
                0x00000000000056fc                . = ALIGN (0x2)
 *(.fini9)
 .fini9         0x00000000000056fc        0x0 /usr/lib/gcc/avr/4.9.2/avr51/libgcc.a(_exit.o)
                0x00000000000056fc                exit
                0x00000000000056fc                _exit
 *(.fini9)
 *(.fini8)
 *(.fini8)
 *(.fini7)
 *(.fini7)
 *(.fini6)
 *(.fini6)
 *(.fini5)
 *(.fini5)
 *(.fini4)
 *(.fini4)
 *(.fini3)
 *(.fini3)
 *(.fini2)
 *(.fini2)
 *(.fini1)
 *(.fini1)
 *(.fini0)
 .fini0         0x00000000000056fc        0x4 /usr/lib/gcc/avr/4.9.2/avr51/libgcc.a(_exit.o)
 *(.fini0)
                0x0000000000005700                _etext = .

.data           0x0000000000800100       0x38 load address 0x0000000000005700
                0x0000000000800100                PROVIDE (__data_start, .)
 *(.data)
 *(.data*)
 .data.debouncing
                0x0000000000800100        0x1 obj_firmware/matrix.o
 .data.lufa_driver
                0x0000000000800101        0xa obj_firmware/protocol/lufa/lufa.o
                0x0000000000800101                lufa_driver
 .data.keyboard_protocol
                0x000000000080010b        0x1 obj_firmware/protocol/lufa/lufa.o
                0x000000000080010b                keyboard_protocol
 .data.keyboard_nkro
                0x000000000080010c        0x1 obj_firmware/common/host.o
                0x000000000080010c                keyboard_nkro
 .data.keyboard_report
                0x000000000080010d        0x2 obj_firmware/common/action_util.o
                0x000000000080010d                keyboard_report
 .data.mk_wheel_time_to_max
                0x000000000080010f        0x1 obj_firmware/common/mousekey.o
                0x000000000080010f                mk_wheel_time_to_max
 .data.mk_wheel_max_speed
                0x0000000000800110        0x1 obj_firmware/common/mousekey.o
                0x0000000000800110                mk_wheel_max_speed
 .data.mk_time_to_max
                0x0000000000800111        0x1 obj_firmware/common/mousekey.o
                0x0000000000800111                mk_time_to_max
 .data.mk_max_speed
                0x0000000000800112        0x1 obj_firmware/common/mousekey.o
                0x0000000000800112                mk_max_speed
 .data.mk_interval
                0x0000000000800113        0x1 obj_firmware/common/mousekey.o
                0x0000000000800113                mk_interval
 .data.mk_delay
                0x0000000000800114        0x1 obj_firmware/common/mousekey.o
                0x0000000000800114                mk_delay
 *(.rodata)
 *(.rodata*)
 .rodata.CSWTCH.3
                0x0000000000800115        0x5 obj_firmware/protocol/lufa/descriptor.o
 .rodata.CSWTCH.2
                0x000000000080011a        0xa obj_firmware/protocol/lufa/descriptor.o
 .rodata.CSWTCH.1
                0x0000000000800124        0xa obj_firmware/protocol/lufa/descriptor.o
 .rodata.CSWTCH.43
                0x000000000080012e        0xa obj_firmware/common/command.o
 *(.gnu.linkonce.d*)
                0x0000000000800138                . = ALIGN (0x2)
                0x0000000000800138                _edata = .
                0x0000000000800138                PROVIDE (__data_end, .)

.bss            0x0000000000800138       0xae
                0x0000000000800138                PROVIDE (__bss_start, .)
 *(.bss)
 .bss           0x0000000000800138        0x2 obj_firmware/common/avr/xprintf.o
                0x0000000000800138                xfunc_out
 *(.bss*)
 .bss.matrix_debouncing
                0x000000000080013a        0xa obj_firmware/matrix.o
 .bss.matrix    0x0000000000800144        0xa obj_firmware/matrix.o
 .bss.timeouted.4803
                0x000000000080014e        0x1 obj_firmware/protocol/lufa/lufa.o
 .bss.count.4733
                0x000000000080014f        0x1 obj_firmware/protocol/lufa/lufa.o
 .bss.console_flush
                0x0000000000800150        0x1 obj_firmware/protocol/lufa/lufa.o
 .bss.keyboard_report_sent
                0x0000000000800151       0x10 obj_firmware/protocol/lufa/lufa.o
 .bss.keyboard_led_stats
                0x0000000000800161        0x1 obj_firmware/protocol/lufa/lufa.o
 .bss.keyboard_idle
                0x0000000000800162        0x1 obj_firmware/protocol/lufa/lufa.o
                0x0000000000800162                keyboard_idle
 .bss.last_consumer_report
                0x0000000000800163        0x2 obj_firmware/common/host.o
 .bss.last_system_report
                0x0000000000800165        0x2 obj_firmware/common/host.o
 .bss.driver    0x0000000000800167        0x2 obj_firmware/common/host.o
 .bss.led_status.4785
                0x0000000000800169        0x1 obj_firmware/common/keyboard.o
 .bss.matrix_prev.4784
                0x000000000080016a        0xa obj_firmware/common/keyboard.o
 .bss.waiting_buffer_tail
                0x0000000000800174        0x1 obj_firmware/common/action_tapping.o
 .bss.waiting_buffer_head
                0x0000000000800175        0x1 obj_firmware/common/action_tapping.o
 .bss.waiting_buffer
                0x0000000000800176       0x30 obj_firmware/common/action_tapping.o
 .bss.tapping_key
                0x00000000008001a6        0x6 obj_firmware/common/action_tapping.o
 .bss.layer_state
                0x00000000008001ac        0x4 obj_firmware/common/action_layer.o
                0x00000000008001ac                layer_state
 .bss.default_layer_state
                0x00000000008001b0        0x4 obj_firmware/common/action_layer.o
                0x00000000008001b0                default_layer_state
 .bss.oneshot_mods
                0x00000000008001b4        0x1 obj_firmware/common/action_util.o
 .bss.__compound_literal.0
                0x00000000008001b5       0x10 obj_firmware/common/action_util.o
 .bss.weak_mods
                0x00000000008001c5        0x1 obj_firmware/common/action_util.o
 .bss.real_mods
                0x00000000008001c6        0x1 obj_firmware/common/action_util.o
 .bss.debug_config
                0x00000000008001c7        0x1 obj_firmware/common/debug.o
                0x00000000008001c7                debug_config
 .bss.wdt_timeout
                0x00000000008001c8        0x1 obj_firmware/common/avr/suspend.o
 .bss.timer_count
                0x00000000008001c9        0x4 obj_firmware/common/avr/timer.o
                0x00000000008001c9                timer_count
 .bss.last_timer
                0x00000000008001cd        0x2 obj_firmware/common/mousekey.o
 .bss.mousekey_accel
                0x00000000008001cf        0x1 obj_firmware/common/mousekey.o
 .bss.mousekey_repeat
                0x00000000008001d0        0x1 obj_firmware/common/mousekey.o
 .bss.mouse_report
                0x00000000008001d1        0x5 obj_firmware/common/mousekey.o
 .bss.mousekey_param
                0x00000000008001d6        0x1 obj_firmware/common/command.o
 .bss.command_state
                0x00000000008001d7        0x1 obj_firmware/common/command.o
                0x00000000008001d7                command_state
 *(COMMON)
 COMMON         0x00000000008001d8        0x3 obj_firmware/protocol/lufa/LUFA-git/LUFA/Drivers/USB/Core/DeviceStandardReq.o
                0x00000000008001d8                USB_Device_ConfigurationNumber
                0x00000000008001d9                USB_Device_CurrentlySelfPowered
                0x00000000008001da                USB_Device_RemoteWakeupEnabled
 COMMON         0x00000000008001db        0xa obj_firmware/protocol/lufa/LUFA-git/LUFA/Drivers/USB/Core/USBTask.o
                0x00000000008001db                USB_IsInitialized
                0x00000000008001dc                USB_DeviceState
                0x00000000008001dd                USB_ControlRequest
 COMMON         0x00000000008001e5        0x1 obj_firmware/common/bootmagic.o
                0x00000000008001e5                keymap_config
                0x00000000008001e6                PROVIDE (__bss_end, .)
                0x0000000000005700                __data_load_start = LOADADDR (.data)
                0x0000000000005738                __data_load_end = (__data_load_start + SIZEOF (.data))

.noinit         0x00000000008001e6        0x4
                0x00000000008001e6                PROVIDE (__noinit_start, .)
 *(.noinit*)
 .noinit        0x00000000008001e6        0x4 obj_firmware/common/avr/bootloader.o
                0x00000000008001e6                reset_key
                0x00000000008001ea                PROVIDE (__noinit_end, .)
                0x00000000008001ea                _end = .
                0x00000000008001ea                PROVIDE (__heap_start, .)

.eeprom         0x0000000000810000        0x0
 *(.eeprom*)
                0x0000000000810000                __eeprom_end = .

.fuse
 *(.fuse)
 *(.lfuse)
 *(.hfuse)
 *(.efuse)

.lock
 *(.lock*)

.signature
 *(.signature*)

.user_signatures
 *(.user_signatures*)

.stab           0x0000000000000000      0x8b8
 *(.stab)
 .stab          0x0000000000000000      0x8b8 obj_firmware/common/avr/xprintf.o

.stabstr        0x0000000000000000       0x70
 *(.stabstr)
 .stabstr       0x0000000000000000       0x70 obj_firmware/common/avr/xprintf.o

.stab.excl
 *(.stab.excl)

.stab.exclstr
 *(.stab.exclstr)

.stab.index
 *(.stab.index)

.stab.indexstr
 *(.stab.indexstr)

.comment        0x0000000000000000       0x11
 *(.comment)
 .comment       0x0000000000000000       0x11 obj_firmware/keymap.o
                                         0x12 (size before relaxing)
 .comment       0x0000000000000011       0x12 obj_firmware/keymap_common.o
 .comment       0x0000000000000011       0x12 obj_firmware/matrix.o
 .comment       0x0000000000000011       0x12 obj_firmware/led.o
 .comment       0x0000000000000011       0x12 obj_firmware/protocol/lufa/lufa.o
 .comment       0x0000000000000011       0x12 obj_firmware/protocol/lufa/descriptor.o
 .comment       0x0000000000000011       0x12 obj_firmware/protocol/lufa/LUFA-git/LUFA/Drivers/USB/Core/AVR8/Device_AVR8.o
 .comment       0x0000000000000011       0x12 obj_firmware/protocol/lufa/LUFA-git/LUFA/Drivers/USB/Core/AVR8/EndpointStream_AVR8.o
 .comment       0x0000000000000011       0x12 obj_firmware/protocol/lufa/LUFA-git/LUFA/Drivers/USB/Core/AVR8/Endpoint_AVR8.o
 .comment       0x0000000000000011       0x12 obj_firmware/protocol/lufa/LUFA-git/LUFA/Drivers/USB/Core/AVR8/USBController_AVR8.o
 .comment       0x0000000000000011       0x12 obj_firmware/protocol/lufa/LUFA-git/LUFA/Drivers/USB/Core/AVR8/USBInterrupt_AVR8.o
 .comment       0x0000000000000011       0x12 obj_firmware/protocol/lufa/LUFA-git/LUFA/Drivers/USB/Core/DeviceStandardReq.o
 .comment       0x0000000000000011       0x12 obj_firmware/protocol/lufa/LUFA-git/LUFA/Drivers/USB/Core/USBTask.o
 .comment       0x0000000000000011       0x12 obj_firmware/common/host.o
 .comment       0x0000000000000011       0x12 obj_firmware/common/keyboard.o
 .comment       0x0000000000000011       0x12 obj_firmware/common/action.o
 .comment       0x0000000000000011       0x12 obj_firmware/common/action_tapping.o
 .comment       0x0000000000000011       0x12 obj_firmware/common/action_macro.o
 .comment       0x0000000000000011       0x12 obj_firmware/common/action_layer.o
 .comment       0x0000000000000011       0x12 obj_firmware/common/action_util.o
 .comment       0x0000000000000011       0x12 obj_firmware/common/print.o
 .comment       0x0000000000000011       0x12 obj_firmware/common/debug.o
 .comment       0x0000000000000011       0x12 obj_firmware/common/util.o
 .comment       0x0000000000000011       0x12 obj_firmware/common/hook.o
 .comment       0x0000000000000011       0x12 obj_firmware/common/avr/suspend.o
 .comment       0x0000000000000011       0x12 obj_firmware/common/avr/timer.o
 .comment       0x0000000000000011       0x12 obj_firmware/common/avr/bootloader.o
 .comment       0x0000000000000011       0x12 obj_firmware/common/keymap.o
 .comment       0x0000000000000011       0x12 obj_firmware/common/bootmagic.o
 .comment       0x0000000000000011       0x12 obj_firmware/common/avr/eeconfig.o
 .comment       0x0000000000000011       0x12 obj_firmware/common/mousekey.o
 .comment       0x0000000000000011       0x12 obj_firmware/common/command.o

.note.gnu.avr.deviceinfo
                0x0000000000000000       0x40
 .note.gnu.avr.deviceinfo
                0x0000000000000000       0x40 /usr/lib/gcc/avr/4.9.2/../../../avr/lib/avr51/crtat90usb1286.o

.note.gnu.build-id
 *(.note.gnu.build-id)

.debug
 *(.debug)

.line
 *(.line)

.debug_srcinfo
 *(.debug_srcinfo)

.debug_sfnames
 *(.debug_sfnames)

.debug_aranges  0x0000000000000000      0x960
 *(.debug_aranges)
 .debug_aranges
                0x0000000000000000       0x20 obj_firmware/keymap.o
 .debug_aranges
                0x0000000000000020       0x28 obj_firmware/keymap_common.o
 .debug_aranges
                0x0000000000000048       0x68 obj_firmware/matrix.o
 .debug_aranges
                0x00000000000000b0       0x20 obj_firmware/led.o
 .debug_aranges
                0x00000000000000d0       0xb8 obj_firmware/protocol/lufa/lufa.o
 .debug_aranges
                0x0000000000000188       0x20 obj_firmware/protocol/lufa/descriptor.o
 .debug_aranges
                0x00000000000001a8       0x20 obj_firmware/protocol/lufa/LUFA-git/LUFA/Drivers/USB/Core/AVR8/Device_AVR8.o
 .debug_aranges
                0x00000000000001c8       0xc8 obj_firmware/protocol/lufa/LUFA-git/LUFA/Drivers/USB/Core/AVR8/EndpointStream_AVR8.o
 .debug_aranges
                0x0000000000000290       0x40 obj_firmware/protocol/lufa/LUFA-git/LUFA/Drivers/USB/Core/AVR8/Endpoint_AVR8.o
 .debug_aranges
                0x00000000000002d0       0x30 obj_firmware/protocol/lufa/LUFA-git/LUFA/Drivers/USB/Core/AVR8/USBController_AVR8.o
 .debug_aranges
                0x0000000000000300       0x38 obj_firmware/protocol/lufa/LUFA-git/LUFA/Drivers/USB/Core/AVR8/USBInterrupt_AVR8.o
 .debug_aranges
                0x0000000000000338       0x20 obj_firmware/protocol/lufa/LUFA-git/LUFA/Drivers/USB/Core/DeviceStandardReq.o
 .debug_aranges
                0x0000000000000358       0x20 obj_firmware/protocol/lufa/LUFA-git/LUFA/Drivers/USB/Core/USBTask.o
 .debug_aranges
                0x0000000000000378       0x60 obj_firmware/common/host.o
 .debug_aranges
                0x00000000000003d8       0x40 obj_firmware/common/keyboard.o
 .debug_aranges
                0x0000000000000418       0x78 obj_firmware/common/action.o
 .debug_aranges
                0x0000000000000490       0x40 obj_firmware/common/action_tapping.o
 .debug_aranges
                0x00000000000004d0       0x20 obj_firmware/common/action_macro.o
 .debug_aranges
                0x00000000000004f0       0xa0 obj_firmware/common/action_layer.o
 .debug_aranges
                0x0000000000000590       0xb0 obj_firmware/common/action_util.o
 .debug_aranges
                0x0000000000000640       0x20 obj_firmware/common/print.o
 .debug_aranges
                0x0000000000000660       0x18 obj_firmware/common/debug.o
 .debug_aranges
                0x0000000000000678       0x60 obj_firmware/common/util.o
 .debug_aranges
                0x00000000000006d8       0x48 obj_firmware/common/hook.o
 .debug_aranges
                0x0000000000000720       0x50 obj_firmware/common/avr/suspend.o
 .debug_aranges
                0x0000000000000770       0x50 obj_firmware/common/avr/timer.o
 .debug_aranges
                0x00000000000007c0       0x28 obj_firmware/common/avr/bootloader.o
 .debug_aranges
                0x00000000000007e8       0x38 obj_firmware/common/keymap.o
 .debug_aranges
                0x0000000000000820       0x30 obj_firmware/common/bootmagic.o
 .debug_aranges
                0x0000000000000850       0x68 obj_firmware/common/avr/eeconfig.o
 .debug_aranges
                0x00000000000008b8       0x50 obj_firmware/common/mousekey.o
 .debug_aranges
                0x0000000000000908       0x58 obj_firmware/common/command.o

.debug_pubnames
 *(.debug_pubnames)

.debug_info     0x0000000000000000     0xfd93
 *(.debug_info .gnu.linkonce.wi.*)
 .debug_info    0x0000000000000000      0xa5e obj_firmware/keymap.o
 .debug_info    0x0000000000000a5e      0x666 obj_firmware/keymap_common.o
 .debug_info    0x00000000000010c4      0x557 obj_firmware/matrix.o
 .debug_info    0x000000000000161b       0x91 obj_firmware/led.o
 .debug_info    0x00000000000016ac     0x162e obj_firmware/protocol/lufa/lufa.o
 .debug_info    0x0000000000002cda      0x818 obj_firmware/protocol/lufa/descriptor.o
 .debug_info    0x00000000000034f2       0xd2 obj_firmware/protocol/lufa/LUFA-git/LUFA/Drivers/USB/Core/AVR8/Device_AVR8.o
 .debug_info    0x00000000000035c4     0x17d6 obj_firmware/protocol/lufa/LUFA-git/LUFA/Drivers/USB/Core/AVR8/EndpointStream_AVR8.o
 .debug_info    0x0000000000004d9a      0x614 obj_firmware/protocol/lufa/LUFA-git/LUFA/Drivers/USB/Core/AVR8/Endpoint_AVR8.o
 .debug_info    0x00000000000053ae      0x4cb obj_firmware/protocol/lufa/LUFA-git/LUFA/Drivers/USB/Core/AVR8/USBController_AVR8.o
 .debug_info    0x0000000000005879      0x7c8 obj_firmware/protocol/lufa/LUFA-git/LUFA/Drivers/USB/Core/AVR8/USBInterrupt_AVR8.o
 .debug_info    0x0000000000006041      0xa57 obj_firmware/protocol/lufa/LUFA-git/LUFA/Drivers/USB/Core/DeviceStandardReq.o
 .debug_info    0x0000000000006a98      0x26b obj_firmware/protocol/lufa/LUFA-git/LUFA/Drivers/USB/Core/USBTask.o
 .debug_info    0x0000000000006d03      0x546 obj_firmware/common/host.o
 .debug_info    0x0000000000007249      0x483 obj_firmware/common/keyboard.o
 .debug_info    0x00000000000076cc     0x163a obj_firmware/common/action.o
 .debug_info    0x0000000000008d06      0xe03 obj_firmware/common/action_tapping.o
 .debug_info    0x0000000000009b09      0x8a4 obj_firmware/common/action_macro.o
 .debug_info    0x000000000000a3ad      0x7d3 obj_firmware/common/action_layer.o
 .debug_info    0x000000000000ab80      0x715 obj_firmware/common/action_util.o
 .debug_info    0x000000000000b295       0xda obj_firmware/common/print.o
 .debug_info    0x000000000000b36f       0xfc obj_firmware/common/debug.o
 .debug_info    0x000000000000b46b      0x29b obj_firmware/common/util.o
 .debug_info    0x000000000000b706      0x1ff obj_firmware/common/hook.o
 .debug_info    0x000000000000b905      0x2b1 obj_firmware/common/avr/suspend.o
 .debug_info    0x000000000000bbb6      0x204 obj_firmware/common/avr/timer.o
 .debug_info    0x000000000000bdba      0x204 obj_firmware/common/avr/bootloader.o
 .debug_info    0x000000000000bfbe      0xe44 obj_firmware/common/keymap.o
 .debug_info    0x000000000000ce02      0xf7b obj_firmware/common/bootmagic.o
 .debug_info    0x000000000000dd7d      0x3cb obj_firmware/common/avr/eeconfig.o
 .debug_info    0x000000000000e148      0x7c6 obj_firmware/common/mousekey.o
 .debug_info    0x000000000000e90e     0x1485 obj_firmware/common/command.o

.debug_abbrev   0x0000000000000000     0x3c1d
 *(.debug_abbrev)
 .debug_abbrev  0x0000000000000000      0x13d obj_firmware/keymap.o
 .debug_abbrev  0x000000000000013d      0x162 obj_firmware/keymap_common.o
 .debug_abbrev  0x000000000000029f      0x2ea obj_firmware/matrix.o
 .debug_abbrev  0x0000000000000589       0x60 obj_firmware/led.o
 .debug_abbrev  0x00000000000005e9      0x4bf obj_firmware/protocol/lufa/lufa.o
 .debug_abbrev  0x0000000000000aa8      0x177 obj_firmware/protocol/lufa/descriptor.o
 .debug_abbrev  0x0000000000000c1f       0x80 obj_firmware/protocol/lufa/LUFA-git/LUFA/Drivers/USB/Core/AVR8/Device_AVR8.o
 .debug_abbrev  0x0000000000000c9f      0x204 obj_firmware/protocol/lufa/LUFA-git/LUFA/Drivers/USB/Core/AVR8/EndpointStream_AVR8.o
 .debug_abbrev  0x0000000000000ea3      0x213 obj_firmware/protocol/lufa/LUFA-git/LUFA/Drivers/USB/Core/AVR8/Endpoint_AVR8.o
 .debug_abbrev  0x00000000000010b6      0x196 obj_firmware/protocol/lufa/LUFA-git/LUFA/Drivers/USB/Core/AVR8/USBController_AVR8.o
 .debug_abbrev  0x000000000000124c      0x23e obj_firmware/protocol/lufa/LUFA-git/LUFA/Drivers/USB/Core/AVR8/USBInterrupt_AVR8.o
 .debug_abbrev  0x000000000000148a      0x2c9 obj_firmware/protocol/lufa/LUFA-git/LUFA/Drivers/USB/Core/DeviceStandardReq.o
 .debug_abbrev  0x0000000000001753      0x168 obj_firmware/protocol/lufa/LUFA-git/LUFA/Drivers/USB/Core/USBTask.o
 .debug_abbrev  0x00000000000018bb      0x229 obj_firmware/common/host.o
 .debug_abbrev  0x0000000000001ae4      0x233 obj_firmware/common/keyboard.o
 .debug_abbrev  0x0000000000001d17      0x2ce obj_firmware/common/action.o
 .debug_abbrev  0x0000000000001fe5      0x2d7 obj_firmware/common/action_tapping.o
 .debug_abbrev  0x00000000000022bc      0x1a5 obj_firmware/common/action_macro.o
 .debug_abbrev  0x0000000000002461      0x20b obj_firmware/common/action_layer.o
 .debug_abbrev  0x000000000000266c      0x31c obj_firmware/common/action_util.o
 .debug_abbrev  0x0000000000002988       0x97 obj_firmware/common/print.o
 .debug_abbrev  0x0000000000002a1f       0x87 obj_firmware/common/debug.o
 .debug_abbrev  0x0000000000002aa6       0xcb obj_firmware/common/util.o
 .debug_abbrev  0x0000000000002b71      0x100 obj_firmware/common/hook.o
 .debug_abbrev  0x0000000000002c71      0x1de obj_firmware/common/avr/suspend.o
 .debug_abbrev  0x0000000000002e4f      0x11e obj_firmware/common/avr/timer.o
 .debug_abbrev  0x0000000000002f6d      0x15c obj_firmware/common/avr/bootloader.o
 .debug_abbrev  0x00000000000030c9      0x281 obj_firmware/common/keymap.o
 .debug_abbrev  0x000000000000334a      0x2aa obj_firmware/common/bootmagic.o
 .debug_abbrev  0x00000000000035f4       0xef obj_firmware/common/avr/eeconfig.o
 .debug_abbrev  0x00000000000036e3      0x204 obj_firmware/common/mousekey.o
 .debug_abbrev  0x00000000000038e7      0x336 obj_firmware/common/command.o

.debug_line     0x0000000000000000     0x4f10
 *(.debug_line .debug_line.* .debug_line_end)
 .debug_line    0x0000000000000000      0x110 obj_firmware/keymap.o
 .debug_line    0x0000000000000110      0x108 obj_firmware/keymap_common.o
 .debug_line    0x0000000000000218      0x224 obj_firmware/matrix.o
 .debug_line    0x000000000000043c       0x51 obj_firmware/led.o
 .debug_line    0x000000000000048d      0x78c obj_firmware/protocol/lufa/lufa.o
 .debug_line    0x0000000000000c19      0x1c0 obj_firmware/protocol/lufa/descriptor.o
 .debug_line    0x0000000000000dd9      0x122 obj_firmware/protocol/lufa/LUFA-git/LUFA/Drivers/USB/Core/AVR8/Device_AVR8.o
 .debug_line    0x0000000000000efb      0xb70 obj_firmware/protocol/lufa/LUFA-git/LUFA/Drivers/USB/Core/AVR8/EndpointStream_AVR8.o
 .debug_line    0x0000000000001a6b      0x3d9 obj_firmware/protocol/lufa/LUFA-git/LUFA/Drivers/USB/Core/AVR8/Endpoint_AVR8.o
 .debug_line    0x0000000000001e44      0x2e9 obj_firmware/protocol/lufa/LUFA-git/LUFA/Drivers/USB/Core/AVR8/USBController_AVR8.o
 .debug_line    0x000000000000212d      0x4b7 obj_firmware/protocol/lufa/LUFA-git/LUFA/Drivers/USB/Core/AVR8/USBInterrupt_AVR8.o
 .debug_line    0x00000000000025e4      0x36d obj_firmware/protocol/lufa/LUFA-git/LUFA/Drivers/USB/Core/DeviceStandardReq.o
 .debug_line    0x0000000000002951      0x18a obj_firmware/protocol/lufa/LUFA-git/LUFA/Drivers/USB/Core/USBTask.o
 .debug_line    0x0000000000002adb      0x1bc obj_firmware/common/host.o
 .debug_line    0x0000000000002c97      0x1dc obj_firmware/common/keyboard.o
 .debug_line    0x0000000000002e73      0x47d obj_firmware/common/action.o
 .debug_line    0x00000000000032f0      0x28d obj_firmware/common/action_tapping.o
 .debug_line    0x000000000000357d      0x15f obj_firmware/common/action_macro.o
 .debug_line    0x00000000000036dc      0x1cf obj_firmware/common/action_layer.o
 .debug_line    0x00000000000038ab      0x29e obj_firmware/common/action_util.o
 .debug_line    0x0000000000003b49       0x8d obj_firmware/common/print.o
 .debug_line    0x0000000000003bd6       0x64 obj_firmware/common/debug.o
 .debug_line    0x0000000000003c3a      0x176 obj_firmware/common/util.o
 .debug_line    0x0000000000003db0       0xc3 obj_firmware/common/hook.o
 .debug_line    0x0000000000003e73      0x1e2 obj_firmware/common/avr/suspend.o
 .debug_line    0x0000000000004055      0x108 obj_firmware/common/avr/timer.o
 .debug_line    0x000000000000415d      0x19a obj_firmware/common/avr/bootloader.o
 .debug_line    0x00000000000042f7      0x22f obj_firmware/common/keymap.o
 .debug_line    0x0000000000004526      0x264 obj_firmware/common/bootmagic.o
 .debug_line    0x000000000000478a      0x128 obj_firmware/common/avr/eeconfig.o
 .debug_line    0x00000000000048b2      0x32d obj_firmware/common/mousekey.o
 .debug_line    0x0000000000004bdf      0x331 obj_firmware/common/command.o

.debug_frame    0x0000000000000000     0x1a44
 *(.debug_frame)
 .debug_frame   0x0000000000000000       0x24 obj_firmware/keymap.o
 .debug_frame   0x0000000000000024       0x34 obj_firmware/keymap_common.o
 .debug_frame   0x0000000000000058      0x15c obj_firmware/matrix.o
 .debug_frame   0x00000000000001b4       0x24 obj_firmware/led.o
 .debug_frame   0x00000000000001d8      0x188 obj_firmware/protocol/lufa/lufa.o
 .debug_frame   0x0000000000000360       0x24 obj_firmware/protocol/lufa/descriptor.o
 .debug_frame   0x0000000000000384       0x24 obj_firmware/protocol/lufa/LUFA-git/LUFA/Drivers/USB/Core/AVR8/Device_AVR8.o
 .debug_frame   0x00000000000003a8      0x42c obj_firmware/protocol/lufa/LUFA-git/LUFA/Drivers/USB/Core/AVR8/EndpointStream_AVR8.o
 .debug_frame   0x00000000000007d4       0x88 obj_firmware/protocol/lufa/LUFA-git/LUFA/Drivers/USB/Core/AVR8/Endpoint_AVR8.o
 .debug_frame   0x000000000000085c       0x5c obj_firmware/protocol/lufa/LUFA-git/LUFA/Drivers/USB/Core/AVR8/USBController_AVR8.o
 .debug_frame   0x00000000000008b8      0x108 obj_firmware/protocol/lufa/LUFA-git/LUFA/Drivers/USB/Core/AVR8/USBInterrupt_AVR8.o
 .debug_frame   0x00000000000009c0       0x3c obj_firmware/protocol/lufa/LUFA-git/LUFA/Drivers/USB/Core/DeviceStandardReq.o
 .debug_frame   0x00000000000009fc       0x2c obj_firmware/protocol/lufa/LUFA-git/LUFA/Drivers/USB/Core/USBTask.o
 .debug_frame   0x0000000000000a28       0xd8 obj_firmware/common/host.o
 .debug_frame   0x0000000000000b00       0xc4 obj_firmware/common/keyboard.o
 .debug_frame   0x0000000000000bc4      0x150 obj_firmware/common/action.o
 .debug_frame   0x0000000000000d14       0xc8 obj_firmware/common/action_tapping.o
 .debug_frame   0x0000000000000ddc       0x50 obj_firmware/common/action_macro.o
 .debug_frame   0x0000000000000e2c      0x1cc obj_firmware/common/action_layer.o
 .debug_frame   0x0000000000000ff8      0x170 obj_firmware/common/action_util.o
 .debug_frame   0x0000000000001168       0x24 obj_firmware/common/print.o
 .debug_frame   0x000000000000118c      0x11c obj_firmware/common/util.o
 .debug_frame   0x00000000000012a8       0x88 obj_firmware/common/hook.o
 .debug_frame   0x0000000000001330       0xb0 obj_firmware/common/avr/suspend.o
 .debug_frame   0x00000000000013e0       0xf0 obj_firmware/common/avr/timer.o
 .debug_frame   0x00000000000014d0       0x34 obj_firmware/common/avr/bootloader.o
 .debug_frame   0x0000000000001504       0x54 obj_firmware/common/keymap.o
 .debug_frame   0x0000000000001558       0x90 obj_firmware/common/bootmagic.o
 .debug_frame   0x00000000000015e8       0xb4 obj_firmware/common/avr/eeconfig.o
 .debug_frame   0x000000000000169c       0xf0 obj_firmware/common/mousekey.o
 .debug_frame   0x000000000000178c      0x2b8 obj_firmware/common/command.o

.debug_str      0x0000000000000000     0x3e9f
 *(.debug_str)
 .debug_str     0x0000000000000000      0xd0c obj_firmware/keymap.o
                                        0xd61 (size before relaxing)
 .debug_str     0x0000000000000d0c       0xe7 obj_firmware/keymap_common.o
                                        0x650 (size before relaxing)
 .debug_str     0x0000000000000df3      0x171 obj_firmware/matrix.o
                                        0x332 (size before relaxing)
 .debug_str     0x0000000000000f64       0x16 obj_firmware/led.o
                                        0x18e (size before relaxing)
 .debug_str     0x0000000000000f7a      0x85c obj_firmware/protocol/lufa/lufa.o
                                        0xadb (size before relaxing)
 .debug_str     0x00000000000017d6      0x7c2 obj_firmware/protocol/lufa/descriptor.o
                                        0x9ce (size before relaxing)
 .debug_str     0x0000000000001f98       0x78 obj_firmware/protocol/lufa/LUFA-git/LUFA/Drivers/USB/Core/AVR8/Device_AVR8.o
                                        0x21b (size before relaxing)
 .debug_str     0x0000000000002010      0x4fa obj_firmware/protocol/lufa/LUFA-git/LUFA/Drivers/USB/Core/AVR8/EndpointStream_AVR8.o
                                        0x87d (size before relaxing)
 .debug_str     0x000000000000250a      0x227 obj_firmware/protocol/lufa/LUFA-git/LUFA/Drivers/USB/Core/AVR8/Endpoint_AVR8.o
                                        0x63d (size before relaxing)
 .debug_str     0x0000000000002731      0x1da obj_firmware/protocol/lufa/LUFA-git/LUFA/Drivers/USB/Core/AVR8/USBController_AVR8.o
                                        0x57c (size before relaxing)
 .debug_str     0x000000000000290b      0x126 obj_firmware/protocol/lufa/LUFA-git/LUFA/Drivers/USB/Core/AVR8/USBInterrupt_AVR8.o
                                        0x5fb (size before relaxing)
 .debug_str     0x0000000000002a31      0x414 obj_firmware/protocol/lufa/LUFA-git/LUFA/Drivers/USB/Core/DeviceStandardReq.o
                                        0x9ef (size before relaxing)
 .debug_str     0x0000000000002e45       0x6b obj_firmware/protocol/lufa/LUFA-git/LUFA/Drivers/USB/Core/USBTask.o
                                        0x3a2 (size before relaxing)
 .debug_str     0x0000000000002eb0       0xca obj_firmware/common/host.o
                                        0x395 (size before relaxing)
 .debug_str     0x0000000000002f7a       0xdf obj_firmware/common/keyboard.o
                                        0x395 (size before relaxing)
 .debug_str     0x0000000000003059      0x2c3 obj_firmware/common/action.o
                                       0x110d (size before relaxing)
 .debug_str     0x000000000000331c       0xe9 obj_firmware/common/action_tapping.o
                                        0xaed (size before relaxing)
 .debug_str     0x0000000000003405       0x3f obj_firmware/common/action_macro.o
                                        0x8d8 (size before relaxing)
 .debug_str     0x0000000000003444       0xa2 obj_firmware/common/action_layer.o
                                        0x42d (size before relaxing)
 .debug_str     0x00000000000034e6       0xec obj_firmware/common/action_util.o
                                        0x40f (size before relaxing)
 .debug_str     0x00000000000035d2       0x33 obj_firmware/common/print.o
                                        0x1c5 (size before relaxing)
 .debug_str     0x0000000000003605       0x1b obj_firmware/common/debug.o
                                        0x1db (size before relaxing)
 .debug_str     0x0000000000003620       0x4c obj_firmware/common/util.o
                                        0x1f1 (size before relaxing)
 .debug_str     0x000000000000366c       0x29 obj_firmware/common/hook.o
                                        0x289 (size before relaxing)
 .debug_str     0x0000000000003695       0x79 obj_firmware/common/avr/suspend.o
                                        0x35f (size before relaxing)
 .debug_str     0x000000000000370e       0x67 obj_firmware/common/avr/timer.o
                                        0x218 (size before relaxing)
 .debug_str     0x0000000000003775       0x74 obj_firmware/common/avr/bootloader.o
                                        0x285 (size before relaxing)
 .debug_str     0x00000000000037e9       0xc3 obj_firmware/common/keymap.o
                                        0xe8c (size before relaxing)
 .debug_str     0x00000000000038ac       0xe1 obj_firmware/common/bootmagic.o
                                        0xbd0 (size before relaxing)
 .debug_str     0x000000000000398d       0x78 obj_firmware/common/avr/eeconfig.o
                                        0x2bf (size before relaxing)
 .debug_str     0x0000000000003a05       0xfa obj_firmware/common/mousekey.o
                                        0x6ad (size before relaxing)
 .debug_str     0x0000000000003aff      0x3a0 obj_firmware/common/command.o
                                        0xd2e (size before relaxing)

.debug_loc      0x0000000000000000     0x80d4
 *(.debug_loc)
 .debug_loc     0x0000000000000000      0x31e obj_firmware/keymap.o
 .debug_loc     0x000000000000031e       0x42 obj_firmware/keymap_common.o
 .debug_loc     0x0000000000000360      0x312 obj_firmware/matrix.o
 .debug_loc     0x0000000000000672      0x710 obj_firmware/protocol/lufa/lufa.o
 .debug_loc     0x0000000000000d82      0x20a obj_firmware/protocol/lufa/descriptor.o
 .debug_loc     0x0000000000000f8c     0x1ea0 obj_firmware/protocol/lufa/LUFA-git/LUFA/Drivers/USB/Core/AVR8/EndpointStream_AVR8.o
 .debug_loc     0x0000000000002e2c      0x3df obj_firmware/protocol/lufa/LUFA-git/LUFA/Drivers/USB/Core/AVR8/Endpoint_AVR8.o
 .debug_loc     0x000000000000320b       0x49 obj_firmware/protocol/lufa/LUFA-git/LUFA/Drivers/USB/Core/AVR8/USBController_AVR8.o
 .debug_loc     0x0000000000003254      0x363 obj_firmware/protocol/lufa/LUFA-git/LUFA/Drivers/USB/Core/AVR8/USBInterrupt_AVR8.o
 .debug_loc     0x00000000000035b7      0x2e7 obj_firmware/protocol/lufa/LUFA-git/LUFA/Drivers/USB/Core/DeviceStandardReq.o
 .debug_loc     0x000000000000389e       0x49 obj_firmware/protocol/lufa/LUFA-git/LUFA/Drivers/USB/Core/USBTask.o
 .debug_loc     0x00000000000038e7      0x1c2 obj_firmware/common/host.o
 .debug_loc     0x0000000000003aa9      0x1f3 obj_firmware/common/keyboard.o
 .debug_loc     0x0000000000003c9c      0xdcd obj_firmware/common/action.o
 .debug_loc     0x0000000000004a69      0x63d obj_firmware/common/action_tapping.o
 .debug_loc     0x00000000000050a6      0x578 obj_firmware/common/action_macro.o
 .debug_loc     0x000000000000561e      0x516 obj_firmware/common/action_layer.o
 .debug_loc     0x0000000000005b34      0x3f6 obj_firmware/common/action_util.o
 .debug_loc     0x0000000000005f2a      0x524 obj_firmware/common/util.o
 .debug_loc     0x000000000000644e       0x69 obj_firmware/common/hook.o
 .debug_loc     0x00000000000064b7       0xc5 obj_firmware/common/avr/suspend.o
 .debug_loc     0x000000000000657c      0x20a obj_firmware/common/avr/timer.o
 .debug_loc     0x0000000000006786      0x44e obj_firmware/common/keymap.o
 .debug_loc     0x0000000000006bd4      0x2e9 obj_firmware/common/bootmagic.o
 .debug_loc     0x0000000000006ebd       0x84 obj_firmware/common/avr/eeconfig.o
 .debug_loc     0x0000000000006f41      0x574 obj_firmware/common/mousekey.o
 .debug_loc     0x00000000000074b5      0xc1f obj_firmware/common/command.o

.debug_macinfo
 *(.debug_macinfo)

.debug_weaknames
 *(.debug_weaknames)

.debug_funcnames
 *(.debug_funcnames)

.debug_typenames
 *(.debug_typenames)

.debug_varnames
 *(.debug_varnames)

.debug_pubtypes
 *(.debug_pubtypes)

.debug_ranges   0x0000000000000000      0xa78
 *(.debug_ranges)
 .debug_ranges  0x0000000000000000       0x10 obj_firmware/keymap.o
 .debug_ranges  0x0000000000000010       0x18 obj_firmware/keymap_common.o
 .debug_ranges  0x0000000000000028       0x58 obj_firmware/matrix.o
 .debug_ranges  0x0000000000000080       0x10 obj_firmware/led.o
 .debug_ranges  0x0000000000000090       0xa8 obj_firmware/protocol/lufa/lufa.o
 .debug_ranges  0x0000000000000138       0x10 obj_firmware/protocol/lufa/descriptor.o
 .debug_ranges  0x0000000000000148       0x10 obj_firmware/protocol/lufa/LUFA-git/LUFA/Drivers/USB/Core/AVR8/Device_AVR8.o
 .debug_ranges  0x0000000000000158      0x1f8 obj_firmware/protocol/lufa/LUFA-git/LUFA/Drivers/USB/Core/AVR8/EndpointStream_AVR8.o
 .debug_ranges  0x0000000000000350       0x78 obj_firmware/protocol/lufa/LUFA-git/LUFA/Drivers/USB/Core/AVR8/Endpoint_AVR8.o
 .debug_ranges  0x00000000000003c8       0x20 obj_firmware/protocol/lufa/LUFA-git/LUFA/Drivers/USB/Core/AVR8/USBController_AVR8.o
 .debug_ranges  0x00000000000003e8       0x40 obj_firmware/protocol/lufa/LUFA-git/LUFA/Drivers/USB/Core/AVR8/USBInterrupt_AVR8.o
 .debug_ranges  0x0000000000000428       0x28 obj_firmware/protocol/lufa/LUFA-git/LUFA/Drivers/USB/Core/DeviceStandardReq.o
 .debug_ranges  0x0000000000000450       0x10 obj_firmware/protocol/lufa/LUFA-git/LUFA/Drivers/USB/Core/USBTask.o
 .debug_ranges  0x0000000000000460       0x50 obj_firmware/common/host.o
 .debug_ranges  0x00000000000004b0       0x68 obj_firmware/common/keyboard.o
 .debug_ranges  0x0000000000000518       0xf0 obj_firmware/common/action.o